tinyfsm.hpp:169:17:static void tinyfsm::FsmList<>::set_initial_state()	4	static
tinyfsm.hpp:171:17:static void tinyfsm::FsmList<>::enter()	4	static
FSM1.hpp:12:10:void FSM1::react(const tinyfsm::Event&)	16	static
FSM2.hpp:12:10:void FSM2::react(const tinyfsm::Event&)	16	static
FSM3.hpp:12:10:void FSM3::react(const tinyfsm::Event&)	16	static
fsm_driver.cpp:17:6:void start_fsm_driver()	16	static
tinyfsm.hpp:196:17:>::start() [with F = FSM1; FF = {FSM2, FSM3}]	8	static
tinyfsm.hpp:202:17:>::dispatch(const E&) [with E = TIMER_3_EVENT; F = FSM1; FF = {FSM2, FSM3}]	16	static
tinyfsm.hpp:202:17:>::dispatch(const E&) [with E = TIMER_1_EVENT; F = FSM1; FF = {FSM2, FSM3}]	16	static
tinyfsm.hpp:202:17:>::dispatch(const E&) [with E = TIMER_2_EVENT; F = FSM1; FF = {FSM2, FSM3}]	16	static
tinyfsm.hpp:181:17:>::set_initial_state() [with F = FSM1; FF = {FSM2, FSM3}]	8	static
tinyfsm.hpp:191:17:>::enter() [with F = FSM1; FF = {FSM2, FSM3}]	8	static
tinyfsm.hpp:125:17:static void tinyfsm::Fsm<F>::dispatch(const E&) [with E = TIMER_3_EVENT; F = FSM1]	16	static
tinyfsm.hpp:202:17:>::dispatch(const E&) [with E = TIMER_3_EVENT; F = FSM2; FF = {FSM3}]	16	static
tinyfsm.hpp:125:17:static void tinyfsm::Fsm<F>::dispatch(const E&) [with E = TIMER_1_EVENT; F = FSM1]	16	static
tinyfsm.hpp:202:17:>::dispatch(const E&) [with E = TIMER_1_EVENT; F = FSM2; FF = {FSM3}]	16	static
tinyfsm.hpp:125:17:static void tinyfsm::Fsm<F>::dispatch(const E&) [with E = TIMER_2_EVENT; F = FSM1]	16	static
tinyfsm.hpp:202:17:>::dispatch(const E&) [with E = TIMER_2_EVENT; F = FSM2; FF = {FSM3}]	16	static
tinyfsm.hpp:181:17:>::set_initial_state() [with F = FSM2; FF = {FSM3}]	8	static
tinyfsm.hpp:115:17:static void tinyfsm::Fsm<F>::enter() [with F = FSM1]	8	static
tinyfsm.hpp:191:17:>::enter() [with F = FSM2; FF = {FSM3}]	8	static
tinyfsm.hpp:125:17:static void tinyfsm::Fsm<F>::dispatch(const E&) [with E = TIMER_3_EVENT; F = FSM2]	16	static
tinyfsm.hpp:202:17:>::dispatch(const E&) [with E = TIMER_3_EVENT; F = FSM3; FF = {}]	16	static
tinyfsm.hpp:125:17:static void tinyfsm::Fsm<F>::dispatch(const E&) [with E = TIMER_1_EVENT; F = FSM2]	16	static
tinyfsm.hpp:202:17:>::dispatch(const E&) [with E = TIMER_1_EVENT; F = FSM3; FF = {}]	16	static
tinyfsm.hpp:125:17:static void tinyfsm::Fsm<F>::dispatch(const E&) [with E = TIMER_2_EVENT; F = FSM2]	16	static
tinyfsm.hpp:202:17:>::dispatch(const E&) [with E = TIMER_2_EVENT; F = FSM3; FF = {}]	16	static
tinyfsm.hpp:181:17:>::set_initial_state() [with F = FSM3; FF = {}]	8	static
tinyfsm.hpp:115:17:static void tinyfsm::Fsm<F>::enter() [with F = FSM2]	8	static
tinyfsm.hpp:191:17:>::enter() [with F = FSM3; FF = {}]	8	static
tinyfsm.hpp:125:17:static void tinyfsm::Fsm<F>::dispatch(const E&) [with E = TIMER_3_EVENT; F = FSM3]	16	static
tinyfsm.hpp:173:17:static void tinyfsm::FsmList<>::dispatch(const E&) [with E = TIMER_3_EVENT]	16	static
tinyfsm.hpp:125:17:static void tinyfsm::Fsm<F>::dispatch(const E&) [with E = TIMER_1_EVENT; F = FSM3]	16	static
tinyfsm.hpp:173:17:static void tinyfsm::FsmList<>::dispatch(const E&) [with E = TIMER_1_EVENT]	16	static
tinyfsm.hpp:125:17:static void tinyfsm::Fsm<F>::dispatch(const E&) [with E = TIMER_2_EVENT; F = FSM3]	16	static
tinyfsm.hpp:173:17:static void tinyfsm::FsmList<>::dispatch(const E&) [with E = TIMER_2_EVENT]	16	static
tinyfsm.hpp:115:17:static void tinyfsm::Fsm<F>::enter() [with F = FSM3]	8	static
