Archive member included to satisfy reference by file (symbol)

c:/st/stm32cubeide_1.0.2/stm32cubeide/plugins/com.st.stm32cube.ide.mcu.externaltools.gnu-tools-for-stm32.7-2018-q2-update.win32_1.0.0.201904181610/tools/bin/../lib/gcc/arm-none-eabi/7.3.1/../../../../arm-none-eabi/lib/thumb/v7e-m/fpv5/hard\libc_nano.a(lib_a-errno.o)
                              Src/syscalls.o (__errno)
c:/st/stm32cubeide_1.0.2/stm32cubeide/plugins/com.st.stm32cube.ide.mcu.externaltools.gnu-tools-for-stm32.7-2018-q2-update.win32_1.0.0.201904181610/tools/bin/../lib/gcc/arm-none-eabi/7.3.1/../../../../arm-none-eabi/lib/thumb/v7e-m/fpv5/hard\libc_nano.a(lib_a-exit.o)
                              c:/st/stm32cubeide_1.0.2/stm32cubeide/plugins/com.st.stm32cube.ide.mcu.externaltools.gnu-tools-for-stm32.7-2018-q2-update.win32_1.0.0.201904181610/tools/bin/../lib/gcc/arm-none-eabi/7.3.1/../../../../arm-none-eabi/lib/thumb/v7e-m/fpv5/hard/crt0.o (exit)
c:/st/stm32cubeide_1.0.2/stm32cubeide/plugins/com.st.stm32cube.ide.mcu.externaltools.gnu-tools-for-stm32.7-2018-q2-update.win32_1.0.0.201904181610/tools/bin/../lib/gcc/arm-none-eabi/7.3.1/../../../../arm-none-eabi/lib/thumb/v7e-m/fpv5/hard\libc_nano.a(lib_a-impure.o)
                              c:/st/stm32cubeide_1.0.2/stm32cubeide/plugins/com.st.stm32cube.ide.mcu.externaltools.gnu-tools-for-stm32.7-2018-q2-update.win32_1.0.0.201904181610/tools/bin/../lib/gcc/arm-none-eabi/7.3.1/../../../../arm-none-eabi/lib/thumb/v7e-m/fpv5/hard\libc_nano.a(lib_a-exit.o) (_global_impure_ptr)
c:/st/stm32cubeide_1.0.2/stm32cubeide/plugins/com.st.stm32cube.ide.mcu.externaltools.gnu-tools-for-stm32.7-2018-q2-update.win32_1.0.0.201904181610/tools/bin/../lib/gcc/arm-none-eabi/7.3.1/../../../../arm-none-eabi/lib/thumb/v7e-m/fpv5/hard\libc_nano.a(lib_a-init.o)
                              c:/st/stm32cubeide_1.0.2/stm32cubeide/plugins/com.st.stm32cube.ide.mcu.externaltools.gnu-tools-for-stm32.7-2018-q2-update.win32_1.0.0.201904181610/tools/bin/../lib/gcc/arm-none-eabi/7.3.1/../../../../arm-none-eabi/lib/thumb/v7e-m/fpv5/hard/crt0.o (__libc_init_array)
c:/st/stm32cubeide_1.0.2/stm32cubeide/plugins/com.st.stm32cube.ide.mcu.externaltools.gnu-tools-for-stm32.7-2018-q2-update.win32_1.0.0.201904181610/tools/bin/../lib/gcc/arm-none-eabi/7.3.1/../../../../arm-none-eabi/lib/thumb/v7e-m/fpv5/hard\libc_nano.a(lib_a-memset.o)
                              c:/st/stm32cubeide_1.0.2/stm32cubeide/plugins/com.st.stm32cube.ide.mcu.externaltools.gnu-tools-for-stm32.7-2018-q2-update.win32_1.0.0.201904181610/tools/bin/../lib/gcc/arm-none-eabi/7.3.1/../../../../arm-none-eabi/lib/thumb/v7e-m/fpv5/hard/crt0.o (memset)
c:/st/stm32cubeide_1.0.2/stm32cubeide/plugins/com.st.stm32cube.ide.mcu.externaltools.gnu-tools-for-stm32.7-2018-q2-update.win32_1.0.0.201904181610/tools/bin/../lib/gcc/arm-none-eabi/7.3.1/thumb/v7e-m/fpv5/hard\libgcc.a(_aeabi_uldivmod.o)
                              Drivers/STM32F7xx_HAL_Driver/Src/stm32f7xx_hal_rcc.o (__aeabi_uldivmod)
c:/st/stm32cubeide_1.0.2/stm32cubeide/plugins/com.st.stm32cube.ide.mcu.externaltools.gnu-tools-for-stm32.7-2018-q2-update.win32_1.0.0.201904181610/tools/bin/../lib/gcc/arm-none-eabi/7.3.1/thumb/v7e-m/fpv5/hard\libgcc.a(_udivmoddi4.o)
                              c:/st/stm32cubeide_1.0.2/stm32cubeide/plugins/com.st.stm32cube.ide.mcu.externaltools.gnu-tools-for-stm32.7-2018-q2-update.win32_1.0.0.201904181610/tools/bin/../lib/gcc/arm-none-eabi/7.3.1/thumb/v7e-m/fpv5/hard\libgcc.a(_aeabi_uldivmod.o) (__udivmoddi4)
c:/st/stm32cubeide_1.0.2/stm32cubeide/plugins/com.st.stm32cube.ide.mcu.externaltools.gnu-tools-for-stm32.7-2018-q2-update.win32_1.0.0.201904181610/tools/bin/../lib/gcc/arm-none-eabi/7.3.1/thumb/v7e-m/fpv5/hard\libgcc.a(_dvmd_tls.o)
                              c:/st/stm32cubeide_1.0.2/stm32cubeide/plugins/com.st.stm32cube.ide.mcu.externaltools.gnu-tools-for-stm32.7-2018-q2-update.win32_1.0.0.201904181610/tools/bin/../lib/gcc/arm-none-eabi/7.3.1/thumb/v7e-m/fpv5/hard\libgcc.a(_aeabi_uldivmod.o) (__aeabi_ldiv0)

Allocating common symbols
Common symbol       size              file

hadc2               0x48              Src/adc.o
uwTick              0x4               Drivers/STM32F7xx_HAL_Driver/Src/stm32f7xx_hal.o
pFlash              0x1c              Drivers/STM32F7xx_HAL_Driver/Src/stm32f7xx_hal_flash.o
htim3               0x40              Src/tim.o
hadc1               0x48              Src/adc.o
hadc3               0x48              Src/adc.o
htim1               0x40              Src/tim.o
htim2               0x40              Src/tim.o

Discarded input sections

 .text          0x0000000000000000        0x0 c:/st/stm32cubeide_1.0.2/stm32cubeide/plugins/com.st.stm32cube.ide.mcu.externaltools.gnu-tools-for-stm32.7-2018-q2-update.win32_1.0.0.201904181610/tools/bin/../lib/gcc/arm-none-eabi/7.3.1/thumb/v7e-m/fpv5/hard/crti.o
[...]
Memory Configuration

Name             Origin             Length             Attributes
RAM              0x0000000020000000 0x0000000000080000 xrw
FLASH            0x0000000008000000 0x0000000000200000 xr
*default*        0x0000000000000000 0xffffffffffffffff

Linker script and memory map

LOAD c:/st/stm32cubeide_1.0.2/stm32cubeide/plugins/com.st.stm32cube.ide.mcu.externaltools.gnu-tools-for-stm32.7-2018-q2-update.win32_1.0.0.201904181610/tools/bin/../lib/gcc/arm-none-eabi/7.3.1/thumb/v7e-m/fpv5/hard/crti.o
LOAD c:/st/stm32cubeide_1.0.2/stm32cubeide/plugins/com.st.stm32cube.ide.mcu.externaltools.gnu-tools-for-stm32.7-2018-q2-update.win32_1.0.0.201904181610/tools/bin/../lib/gcc/arm-none-eabi/7.3.1/thumb/v7e-m/fpv5/hard/crtbegin.o
LOAD c:/st/stm32cubeide_1.0.2/stm32cubeide/plugins/com.st.stm32cube.ide.mcu.externaltools.gnu-tools-for-stm32.7-2018-q2-update.win32_1.0.0.201904181610/tools/bin/../lib/gcc/arm-none-eabi/7.3.1/../../../../arm-none-eabi/lib/thumb/v7e-m/fpv5/hard/crt0.o
LOAD Drivers/STM32F7xx_HAL_Driver/Src/stm32f7xx_hal.o
LOAD Drivers/STM32F7xx_HAL_Driver/Src/stm32f7xx_hal_adc.o
LOAD Drivers/STM32F7xx_HAL_Driver/Src/stm32f7xx_hal_adc_ex.o
LOAD Drivers/STM32F7xx_HAL_Driver/Src/stm32f7xx_hal_cortex.o
LOAD Drivers/STM32F7xx_HAL_Driver/Src/stm32f7xx_hal_dma.o
LOAD Drivers/STM32F7xx_HAL_Driver/Src/stm32f7xx_hal_dma_ex.o
LOAD Drivers/STM32F7xx_HAL_Driver/Src/stm32f7xx_hal_exti.o
LOAD Drivers/STM32F7xx_HAL_Driver/Src/stm32f7xx_hal_flash.o
LOAD Drivers/STM32F7xx_HAL_Driver/Src/stm32f7xx_hal_flash_ex.o
LOAD Drivers/STM32F7xx_HAL_Driver/Src/stm32f7xx_hal_gpio.o
LOAD Drivers/STM32F7xx_HAL_Driver/Src/stm32f7xx_hal_i2c.o
LOAD Drivers/STM32F7xx_HAL_Driver/Src/stm32f7xx_hal_i2c_ex.o
LOAD Drivers/STM32F7xx_HAL_Driver/Src/stm32f7xx_hal_pwr.o
LOAD Drivers/STM32F7xx_HAL_Driver/Src/stm32f7xx_hal_pwr_ex.o
LOAD Drivers/STM32F7xx_HAL_Driver/Src/stm32f7xx_hal_rcc.o
LOAD Drivers/STM32F7xx_HAL_Driver/Src/stm32f7xx_hal_rcc_ex.o
LOAD Drivers/STM32F7xx_HAL_Driver/Src/stm32f7xx_hal_tim.o
LOAD Drivers/STM32F7xx_HAL_Driver/Src/stm32f7xx_hal_tim_ex.o
LOAD Src/FSM1.o
LOAD Src/FSM2.o
LOAD Src/FSM3.o
LOAD Src/adc.o
LOAD Src/fsm_driver.o
LOAD Src/fsm_fifo.o
LOAD Src/gpio.o
LOAD Src/main.o
LOAD Src/stm32f7xx_hal_msp.o
LOAD Src/stm32f7xx_it.o
LOAD Src/syscalls.o
LOAD Src/sysmem.o
LOAD Src/system_stm32f7xx.o
LOAD Src/tim.o
LOAD Src/user_states.o
LOAD Src/user_timers.o
LOAD Startup/startup_stm32f767zitx.o
START GROUP
LOAD c:/st/stm32cubeide_1.0.2/stm32cubeide/plugins/com.st.stm32cube.ide.mcu.externaltools.gnu-tools-for-stm32.7-2018-q2-update.win32_1.0.0.201904181610/tools/bin/../lib/gcc/arm-none-eabi/7.3.1/../../../../arm-none-eabi/lib/thumb/v7e-m/fpv5/hard\libstdc++_nano.a
LOAD c:/st/stm32cubeide_1.0.2/stm32cubeide/plugins/com.st.stm32cube.ide.mcu.externaltools.gnu-tools-for-stm32.7-2018-q2-update.win32_1.0.0.201904181610/tools/bin/../lib/gcc/arm-none-eabi/7.3.1/../../../../arm-none-eabi/lib/thumb/v7e-m/fpv5/hard\libsupc++_nano.a
END GROUP
LOAD c:/st/stm32cubeide_1.0.2/stm32cubeide/plugins/com.st.stm32cube.ide.mcu.externaltools.gnu-tools-for-stm32.7-2018-q2-update.win32_1.0.0.201904181610/tools/bin/../lib/gcc/arm-none-eabi/7.3.1/../../../../arm-none-eabi/lib/thumb/v7e-m/fpv5/hard\libstdc++_nano.a
LOAD c:/st/stm32cubeide_1.0.2/stm32cubeide/plugins/com.st.stm32cube.ide.mcu.externaltools.gnu-tools-for-stm32.7-2018-q2-update.win32_1.0.0.201904181610/tools/bin/../lib/gcc/arm-none-eabi/7.3.1/../../../../arm-none-eabi/lib/thumb/v7e-m/fpv5/hard\libm.a
LOAD c:/st/stm32cubeide_1.0.2/stm32cubeide/plugins/com.st.stm32cube.ide.mcu.externaltools.gnu-tools-for-stm32.7-2018-q2-update.win32_1.0.0.201904181610/tools/bin/../lib/gcc/arm-none-eabi/7.3.1/../../../../arm-none-eabi/lib/thumb/v7e-m/fpv5/hard\libc_nano.a
START GROUP
LOAD c:/st/stm32cubeide_1.0.2/stm32cubeide/plugins/com.st.stm32cube.ide.mcu.externaltools.gnu-tools-for-stm32.7-2018-q2-update.win32_1.0.0.201904181610/tools/bin/../lib/gcc/arm-none-eabi/7.3.1/thumb/v7e-m/fpv5/hard\libgcc.a
LOAD c:/st/stm32cubeide_1.0.2/stm32cubeide/plugins/com.st.stm32cube.ide.mcu.externaltools.gnu-tools-for-stm32.7-2018-q2-update.win32_1.0.0.201904181610/tools/bin/../lib/gcc/arm-none-eabi/7.3.1/../../../../arm-none-eabi/lib/thumb/v7e-m/fpv5/hard\libc_nano.a
END GROUP
START GROUP
LOAD c:/st/stm32cubeide_1.0.2/stm32cubeide/plugins/com.st.stm32cube.ide.mcu.externaltools.gnu-tools-for-stm32.7-2018-q2-update.win32_1.0.0.201904181610/tools/bin/../lib/gcc/arm-none-eabi/7.3.1/thumb/v7e-m/fpv5/hard\libgcc.a
LOAD c:/st/stm32cubeide_1.0.2/stm32cubeide/plugins/com.st.stm32cube.ide.mcu.externaltools.gnu-tools-for-stm32.7-2018-q2-update.win32_1.0.0.201904181610/tools/bin/../lib/gcc/arm-none-eabi/7.3.1/../../../../arm-none-eabi/lib/thumb/v7e-m/fpv5/hard\libc_nano.a
END GROUP
LOAD c:/st/stm32cubeide_1.0.2/stm32cubeide/plugins/com.st.stm32cube.ide.mcu.externaltools.gnu-tools-for-stm32.7-2018-q2-update.win32_1.0.0.201904181610/tools/bin/../lib/gcc/arm-none-eabi/7.3.1/thumb/v7e-m/fpv5/hard/crtend.o
LOAD c:/st/stm32cubeide_1.0.2/stm32cubeide/plugins/com.st.stm32cube.ide.mcu.externaltools.gnu-tools-for-stm32.7-2018-q2-update.win32_1.0.0.201904181610/tools/bin/../lib/gcc/arm-none-eabi/7.3.1/thumb/v7e-m/fpv5/hard/crtn.o
                0x0000000020080000                _estack = 0x20080000
                0x0000000000000200                _Min_Heap_Size = 0x200
                0x0000000000000400                _Min_Stack_Size = 0x400

.isr_vector     0x0000000008000000      0x1f8
                0x0000000008000000                . = ALIGN (0x4)
 *(.isr_vector)
 .isr_vector    0x0000000008000000      0x1f8 Startup/startup_stm32f767zitx.o
                0x0000000008000000                g_pfnVectors
                0x00000000080001f8                . = ALIGN (0x4)

.text           0x00000000080001f8     0x3550
                0x00000000080001f8                . = ALIGN (0x4)
 *(.text)
 .text          0x00000000080001f8       0x40 c:/st/stm32cubeide_1.0.2/stm32cubeide/plugins/com.st.stm32cube.ide.mcu.externaltools.gnu-tools-for-stm32.7-2018-q2-update.win32_1.0.0.201904181610/tools/bin/../lib/gcc/arm-none-eabi/7.3.1/thumb/v7e-m/fpv5/hard/crtbegin.o
 .text          0x0000000008000238       0x30 c:/st/stm32cubeide_1.0.2/stm32cubeide/plugins/com.st.stm32cube.ide.mcu.externaltools.gnu-tools-for-stm32.7-2018-q2-update.win32_1.0.0.201904181610/tools/bin/../lib/gcc/arm-none-eabi/7.3.1/thumb/v7e-m/fpv5/hard\libgcc.a(_aeabi_uldivmod.o)
                0x0000000008000238                __aeabi_uldivmod
 .text          0x0000000008000268      0x2cc c:/st/stm32cubeide_1.0.2/stm32cubeide/plugins/com.st.stm32cube.ide.mcu.externaltools.gnu-tools-for-stm32.7-2018-q2-update.win32_1.0.0.201904181610/tools/bin/../lib/gcc/arm-none-eabi/7.3.1/thumb/v7e-m/fpv5/hard\libgcc.a(_udivmoddi4.o)
                0x0000000008000268                __udivmoddi4
 .text          0x0000000008000534        0x4 c:/st/stm32cubeide_1.0.2/stm32cubeide/plugins/com.st.stm32cube.ide.mcu.externaltools.gnu-tools-for-stm32.7-2018-q2-update.win32_1.0.0.201904181610/tools/bin/../lib/gcc/arm-none-eabi/7.3.1/thumb/v7e-m/fpv5/hard\libgcc.a(_dvmd_tls.o)
                0x0000000008000534                __aeabi_idiv0
                0x0000000008000534                __aeabi_ldiv0
 *(.text*)
 .text.HAL_Init
                0x0000000008000538       0x1a Drivers/STM32F7xx_HAL_Driver/Src/stm32f7xx_hal.o
                0x0000000008000538                HAL_Init
 *fill*         0x0000000008000552        0x2 
 .text.HAL_InitTick
                0x0000000008000554       0x60 Drivers/STM32F7xx_HAL_Driver/Src/stm32f7xx_hal.o
                0x0000000008000554                HAL_InitTick
 .text.HAL_IncTick
                0x00000000080005b4       0x28 Drivers/STM32F7xx_HAL_Driver/Src/stm32f7xx_hal.o
                0x00000000080005b4                HAL_IncTick
 .text.HAL_GetTick
                0x00000000080005dc       0x18 Drivers/STM32F7xx_HAL_Driver/Src/stm32f7xx_hal.o
                0x00000000080005dc                HAL_GetTick
 .text.HAL_ADC_Init
                0x00000000080005f4       0x88 Drivers/STM32F7xx_HAL_Driver/Src/stm32f7xx_hal_adc.o
                0x00000000080005f4                HAL_ADC_Init
 .text.HAL_ADC_ConfigChannel
                0x000000000800067c      0x268 Drivers/STM32F7xx_HAL_Driver/Src/stm32f7xx_hal_adc.o
                0x000000000800067c                HAL_ADC_ConfigChannel
 .text.ADC_Init
                0x00000000080008e4      0x1f4 Drivers/STM32F7xx_HAL_Driver/Src/stm32f7xx_hal_adc.o
 .text.__NVIC_SetPriorityGrouping
                0x0000000008000ad8       0x48 Drivers/STM32F7xx_HAL_Driver/Src/stm32f7xx_hal_cortex.o
 .text.__NVIC_GetPriorityGrouping
                0x0000000008000b20       0x1c Drivers/STM32F7xx_HAL_Driver/Src/stm32f7xx_hal_cortex.o
 .text.__NVIC_EnableIRQ
                0x0000000008000b3c       0x3c Drivers/STM32F7xx_HAL_Driver/Src/stm32f7xx_hal_cortex.o
 .text.__NVIC_SetPriority
                0x0000000008000b78       0x54 Drivers/STM32F7xx_HAL_Driver/Src/stm32f7xx_hal_cortex.o
 .text.NVIC_EncodePriority
                0x0000000008000bcc       0x66 Drivers/STM32F7xx_HAL_Driver/Src/stm32f7xx_hal_cortex.o
 *fill*         0x0000000008000c32        0x2 
 .text.SysTick_Config
                0x0000000008000c34       0x44 Drivers/STM32F7xx_HAL_Driver/Src/stm32f7xx_hal_cortex.o
 .text.HAL_NVIC_SetPriorityGrouping
                0x0000000008000c78       0x16 Drivers/STM32F7xx_HAL_Driver/Src/stm32f7xx_hal_cortex.o
                0x0000000008000c78                HAL_NVIC_SetPriorityGrouping
 .text.HAL_NVIC_SetPriority
                0x0000000008000c8e       0x38 Drivers/STM32F7xx_HAL_Driver/Src/stm32f7xx_hal_cortex.o
                0x0000000008000c8e                HAL_NVIC_SetPriority
 .text.HAL_NVIC_EnableIRQ
                0x0000000008000cc6       0x1c Drivers/STM32F7xx_HAL_Driver/Src/stm32f7xx_hal_cortex.o
                0x0000000008000cc6                HAL_NVIC_EnableIRQ
 .text.HAL_SYSTICK_Config
                0x0000000008000ce2       0x18 Drivers/STM32F7xx_HAL_Driver/Src/stm32f7xx_hal_cortex.o
                0x0000000008000ce2                HAL_SYSTICK_Config
 *fill*         0x0000000008000cfa        0x2 
 .text.HAL_GPIO_Init
                0x0000000008000cfc      0x354 Drivers/STM32F7xx_HAL_Driver/Src/stm32f7xx_hal_gpio.o
                0x0000000008000cfc                HAL_GPIO_Init
 .text.HAL_GPIO_WritePin
                0x0000000008001050       0x32 Drivers/STM32F7xx_HAL_Driver/Src/stm32f7xx_hal_gpio.o
                0x0000000008001050                HAL_GPIO_WritePin
 *fill*         0x0000000008001082        0x2 
 .text.HAL_PWREx_EnableOverDrive
                0x0000000008001084       0xa0 Drivers/STM32F7xx_HAL_Driver/Src/stm32f7xx_hal_pwr_ex.o
                0x0000000008001084                HAL_PWREx_EnableOverDrive
 .text.HAL_RCC_OscConfig
                0x0000000008001124      0x4e4 Drivers/STM32F7xx_HAL_Driver/Src/stm32f7xx_hal_rcc.o
                0x0000000008001124                HAL_RCC_OscConfig
 .text.HAL_RCC_ClockConfig
                0x0000000008001608      0x1d0 Drivers/STM32F7xx_HAL_Driver/Src/stm32f7xx_hal_rcc.o
                0x0000000008001608                HAL_RCC_ClockConfig
 .text.HAL_RCC_GetSysClockFreq
                0x00000000080017d8      0x1b0 Drivers/STM32F7xx_HAL_Driver/Src/stm32f7xx_hal_rcc.o
                0x00000000080017d8                HAL_RCC_GetSysClockFreq
 .text.HAL_TIM_Base_Init
                0x0000000008001988       0x56 Drivers/STM32F7xx_HAL_Driver/Src/stm32f7xx_hal_tim.o
                0x0000000008001988                HAL_TIM_Base_Init
 *fill*         0x00000000080019de        0x2 
 .text.HAL_TIM_Base_Start_IT
                0x00000000080019e0       0x54 Drivers/STM32F7xx_HAL_Driver/Src/stm32f7xx_hal_tim.o
                0x00000000080019e0                HAL_TIM_Base_Start_IT
 .text.HAL_TIM_Base_Stop_IT
                0x0000000008001a34       0x56 Drivers/STM32F7xx_HAL_Driver/Src/stm32f7xx_hal_tim.o
                0x0000000008001a34                HAL_TIM_Base_Stop_IT
 .text.HAL_TIM_IRQHandler
                0x0000000008001a8a      0x23e Drivers/STM32F7xx_HAL_Driver/Src/stm32f7xx_hal_tim.o
                0x0000000008001a8a                HAL_TIM_IRQHandler
 .text.HAL_TIM_ConfigClockSource
                0x0000000008001cc8      0x174 Drivers/STM32F7xx_HAL_Driver/Src/stm32f7xx_hal_tim.o
                0x0000000008001cc8                HAL_TIM_ConfigClockSource
 .text.HAL_TIM_OC_DelayElapsedCallback
                0x0000000008001e3c       0x14 Drivers/STM32F7xx_HAL_Driver/Src/stm32f7xx_hal_tim.o
                0x0000000008001e3c                HAL_TIM_OC_DelayElapsedCallback
 .text.HAL_TIM_IC_CaptureCallback
                0x0000000008001e50       0x14 Drivers/STM32F7xx_HAL_Driver/Src/stm32f7xx_hal_tim.o
                0x0000000008001e50                HAL_TIM_IC_CaptureCallback
 .text.HAL_TIM_PWM_PulseFinishedCallback
                0x0000000008001e64       0x14 Drivers/STM32F7xx_HAL_Driver/Src/stm32f7xx_hal_tim.o
                0x0000000008001e64                HAL_TIM_PWM_PulseFinishedCallback
 .text.HAL_TIM_TriggerCallback
                0x0000000008001e78       0x14 Drivers/STM32F7xx_HAL_Driver/Src/stm32f7xx_hal_tim.o
                0x0000000008001e78                HAL_TIM_TriggerCallback
 .text.TIM_Base_SetConfig
                0x0000000008001e8c      0x140 Drivers/STM32F7xx_HAL_Driver/Src/stm32f7xx_hal_tim.o
                0x0000000008001e8c                TIM_Base_SetConfig
 .text.TIM_TI1_ConfigInputStage
                0x0000000008001fcc       0x5e Drivers/STM32F7xx_HAL_Driver/Src/stm32f7xx_hal_tim.o
 .text.TIM_TI2_ConfigInputStage
                0x000000000800202a       0x60 Drivers/STM32F7xx_HAL_Driver/Src/stm32f7xx_hal_tim.o
 .text.TIM_ITRx_SetConfig
                0x000000000800208a       0x36 Drivers/STM32F7xx_HAL_Driver/Src/stm32f7xx_hal_tim.o
 .text.TIM_ETR_SetConfig
                0x00000000080020c0       0x40 Drivers/STM32F7xx_HAL_Driver/Src/stm32f7xx_hal_tim.o
                0x00000000080020c0                TIM_ETR_SetConfig
 .text.HAL_TIMEx_MasterConfigSynchronization
                0x0000000008002100       0xb8 Drivers/STM32F7xx_HAL_Driver/Src/stm32f7xx_hal_tim_ex.o
                0x0000000008002100                HAL_TIMEx_MasterConfigSynchronization
 .text.HAL_TIMEx_CommutCallback
                0x00000000080021b8       0x14 Drivers/STM32F7xx_HAL_Driver/Src/stm32f7xx_hal_tim_ex.o
                0x00000000080021b8                HAL_TIMEx_CommutCallback
 .text.HAL_TIMEx_BreakCallback
                0x00000000080021cc       0x14 Drivers/STM32F7xx_HAL_Driver/Src/stm32f7xx_hal_tim_ex.o
                0x00000000080021cc                HAL_TIMEx_BreakCallback
 .text.HAL_TIMEx_Break2Callback
                0x00000000080021e0       0x14 Drivers/STM32F7xx_HAL_Driver/Src/stm32f7xx_hal_tim_ex.o
                0x00000000080021e0                HAL_TIMEx_Break2Callback
 .text._ZN4FSM14exitEv
                0x00000000080021f4       0x14 Src/FSM1.o
                0x00000000080021f4                FSM1::exit()
 .text._ZN8FSM1_S025entryEv
                0x0000000008002208       0x1e Src/FSM1.o
                0x0000000008002208                FSM1_S02::entry()
 .text._ZN8FSM1_S025reactERK13TIMER_1_EVENT
                0x0000000008002226       0x1e Src/FSM1.o
                0x0000000008002226                FSM1_S02::react(TIMER_1_EVENT const&)
 .text._ZN8FSM1_S015entryEv
                0x0000000008002244       0x1e Src/FSM1.o
                0x0000000008002244                FSM1_S01::entry()
 .text._ZN8FSM1_S015reactERK13TIMER_1_EVENT
                0x0000000008002262       0x1e Src/FSM1.o
                0x0000000008002262                FSM1_S01::react(TIMER_1_EVENT const&)
 .text._ZN7tinyfsm3FsmI4FSM1E17set_initial_stateEv
                0x0000000008002280       0x1c Src/FSM1.o
                0x0000000008002280                tinyfsm::Fsm<FSM1>::set_initial_state()
 .text._ZN7tinyfsm3FsmI4FSM1E7transitI8FSM1_S01EEvv
                0x000000000800229c       0x40 Src/FSM1.o
                0x000000000800229c                void tinyfsm::Fsm<FSM1>::transit<FSM1_S01>()
 .text._ZN7tinyfsm3FsmI4FSM1E7transitI8FSM1_S02EEvv
                0x00000000080022dc       0x40 Src/FSM1.o
                0x00000000080022dc                void tinyfsm::Fsm<FSM1>::transit<FSM1_S02>()
 .text._ZN4FSM24exitEv
                0x000000000800231c       0x14 Src/FSM2.o
                0x000000000800231c                FSM2::exit()
 .text._ZN8FSM2_S035entryEv
                0x0000000008002330       0x1e Src/FSM2.o
                0x0000000008002330                FSM2_S03::entry()
 .text._ZN8FSM2_S035reactERK13TIMER_2_EVENT
                0x000000000800234e       0x1e Src/FSM2.o
                0x000000000800234e                FSM2_S03::react(TIMER_2_EVENT const&)
 .text._ZN8FSM2_S045entryEv
                0x000000000800236c       0x1e Src/FSM2.o
                0x000000000800236c                FSM2_S04::entry()
 .text._ZN8FSM2_S045reactERK13TIMER_2_EVENT
                0x000000000800238a       0x1e Src/FSM2.o
                0x000000000800238a                FSM2_S04::react(TIMER_2_EVENT const&)
 .text._ZN7tinyfsm3FsmI4FSM2E17set_initial_stateEv
                0x00000000080023a8       0x1c Src/FSM2.o
                0x00000000080023a8                tinyfsm::Fsm<FSM2>::set_initial_state()
 .text._ZN7tinyfsm3FsmI4FSM2E7transitI8FSM2_S04EEvv
                0x00000000080023c4       0x40 Src/FSM2.o
                0x00000000080023c4                void tinyfsm::Fsm<FSM2>::transit<FSM2_S04>()
 .text._ZN7tinyfsm3FsmI4FSM2E7transitI8FSM2_S03EEvv
                0x0000000008002404       0x40 Src/FSM2.o
                0x0000000008002404                void tinyfsm::Fsm<FSM2>::transit<FSM2_S03>()
 .text._ZN4FSM34exitEv
                0x0000000008002444       0x14 Src/FSM3.o
                0x0000000008002444                FSM3::exit()
 .text._ZN8FSM3_S055entryEv
                0x0000000008002458       0x1c Src/FSM3.o
                0x0000000008002458                FSM3_S05::entry()
 .text._ZN8FSM3_S055reactERK13TIMER_3_EVENT
                0x0000000008002474       0x1e Src/FSM3.o
                0x0000000008002474                FSM3_S05::react(TIMER_3_EVENT const&)
 .text._ZN8FSM3_S065entryEv
                0x0000000008002492       0x1c Src/FSM3.o
                0x0000000008002492                FSM3_S06::entry()
 .text._ZN8FSM3_S065reactERK13TIMER_3_EVENT
                0x00000000080024ae       0x1e Src/FSM3.o
                0x00000000080024ae                FSM3_S06::react(TIMER_3_EVENT const&)
 .text._ZN7tinyfsm3FsmI4FSM3E17set_initial_stateEv
                0x00000000080024cc       0x1c Src/FSM3.o
                0x00000000080024cc                tinyfsm::Fsm<FSM3>::set_initial_state()
 .text._ZN7tinyfsm3FsmI4FSM3E7transitI8FSM3_S06EEvv
                0x00000000080024e8       0x40 Src/FSM3.o
                0x00000000080024e8                void tinyfsm::Fsm<FSM3>::transit<FSM3_S06>()
 .text._ZN7tinyfsm3FsmI4FSM3E7transitI8FSM3_S05EEvv
                0x0000000008002528       0x40 Src/FSM3.o
                0x0000000008002528                void tinyfsm::Fsm<FSM3>::transit<FSM3_S05>()
 .text.MX_ADC1_Init
                0x0000000008002568       0xa4 Src/adc.o
                0x0000000008002568                MX_ADC1_Init
 .text.MX_ADC2_Init
                0x000000000800260c       0xa4 Src/adc.o
                0x000000000800260c                MX_ADC2_Init
 .text.MX_ADC3_Init
                0x00000000080026b0       0xa4 Src/adc.o
                0x00000000080026b0                MX_ADC3_Init
 .text.HAL_ADC_MspInit
                0x0000000008002754      0x1c8 Src/adc.o
                0x0000000008002754                HAL_ADC_MspInit
 .text._ZN7tinyfsm7FsmListIJEE17set_initial_stateEv
                0x000000000800291c        0xe Src/fsm_driver.o
                0x000000000800291c                tinyfsm::FsmList<>::set_initial_state()
 .text._ZN7tinyfsm7FsmListIJEE5enterEv
                0x000000000800292a        0xe Src/fsm_driver.o
                0x000000000800292a                tinyfsm::FsmList<>::enter()
 .text._ZN4FSM15reactERKN7tinyfsm5EventE
                0x0000000008002938       0x16 Src/fsm_driver.o
                0x0000000008002938                FSM1::react(tinyfsm::Event const&)
 .text._ZN4FSM25reactERKN7tinyfsm5EventE
                0x000000000800294e       0x16 Src/fsm_driver.o
                0x000000000800294e                FSM2::react(tinyfsm::Event const&)
 .text._ZN4FSM35reactERKN7tinyfsm5EventE
                0x0000000008002964       0x16 Src/fsm_driver.o
                0x0000000008002964                FSM3::react(tinyfsm::Event const&)
 *fill*         0x000000000800297a        0x2 
 .text._Z16start_fsm_driverv
                0x000000000800297c       0x58 Src/fsm_driver.o
                0x000000000800297c                start_fsm_driver()
 .text._ZN7tinyfsm7FsmListIJ4FSM14FSM24FSM3EE5startEv
                0x00000000080029d4       0x10 Src/fsm_driver.o
                0x00000000080029d4                tinyfsm::FsmList<FSM1, FSM2, FSM3>::start()
 .text._ZN7tinyfsm7FsmListIJ4FSM14FSM24FSM3EE8dispatchI13TIMER_3_EVENTEEvRKT_
                0x00000000080029e4       0x1c Src/fsm_driver.o
                0x00000000080029e4                void tinyfsm::FsmList<FSM1, FSM2, FSM3>::dispatch<TIMER_3_EVENT>(TIMER_3_EVENT const&)
 .text._ZN7tinyfsm7FsmListIJ4FSM14FSM24FSM3EE8dispatchI13TIMER_1_EVENTEEvRKT_
                0x0000000008002a00       0x1c Src/fsm_driver.o
                0x0000000008002a00                void tinyfsm::FsmList<FSM1, FSM2, FSM3>::dispatch<TIMER_1_EVENT>(TIMER_1_EVENT const&)
 .text._ZN7tinyfsm7FsmListIJ4FSM14FSM24FSM3EE8dispatchI13TIMER_2_EVENTEEvRKT_
                0x0000000008002a1c       0x1c Src/fsm_driver.o
                0x0000000008002a1c                void tinyfsm::FsmList<FSM1, FSM2, FSM3>::dispatch<TIMER_2_EVENT>(TIMER_2_EVENT const&)
 .text._ZN7tinyfsm7FsmListIJ4FSM14FSM24FSM3EE17set_initial_stateEv
                0x0000000008002a38       0x10 Src/fsm_driver.o
                0x0000000008002a38                tinyfsm::FsmList<FSM1, FSM2, FSM3>::set_initial_state()
 .text._ZN7tinyfsm7FsmListIJ4FSM14FSM24FSM3EE5enterEv
                0x0000000008002a48       0x10 Src/fsm_driver.o
                0x0000000008002a48                tinyfsm::FsmList<FSM1, FSM2, FSM3>::enter()
 .text._ZN7tinyfsm3FsmI4FSM1E8dispatchI13TIMER_3_EVENTEEvRKT_
                0x0000000008002a58       0x20 Src/fsm_driver.o
                0x0000000008002a58                void tinyfsm::Fsm<FSM1>::dispatch<TIMER_3_EVENT>(TIMER_3_EVENT const&)
 .text._ZN7tinyfsm7FsmListIJ4FSM24FSM3EE8dispatchI13TIMER_3_EVENTEEvRKT_
                0x0000000008002a78       0x1c Src/fsm_driver.o
                0x0000000008002a78                void tinyfsm::FsmList<FSM2, FSM3>::dispatch<TIMER_3_EVENT>(TIMER_3_EVENT const&)
 .text._ZN7tinyfsm3FsmI4FSM1E8dispatchI13TIMER_1_EVENTEEvRKT_
                0x0000000008002a94       0x28 Src/fsm_driver.o
                0x0000000008002a94                void tinyfsm::Fsm<FSM1>::dispatch<TIMER_1_EVENT>(TIMER_1_EVENT const&)
 .text._ZN7tinyfsm7FsmListIJ4FSM24FSM3EE8dispatchI13TIMER_1_EVENTEEvRKT_
                0x0000000008002abc       0x1c Src/fsm_driver.o
                0x0000000008002abc                void tinyfsm::FsmList<FSM2, FSM3>::dispatch<TIMER_1_EVENT>(TIMER_1_EVENT const&)
 .text._ZN7tinyfsm3FsmI4FSM1E8dispatchI13TIMER_2_EVENTEEvRKT_
                0x0000000008002ad8       0x20 Src/fsm_driver.o
                0x0000000008002ad8                void tinyfsm::Fsm<FSM1>::dispatch<TIMER_2_EVENT>(TIMER_2_EVENT const&)
 .text._ZN7tinyfsm7FsmListIJ4FSM24FSM3EE8dispatchI13TIMER_2_EVENTEEvRKT_
                0x0000000008002af8       0x1c Src/fsm_driver.o
                0x0000000008002af8                void tinyfsm::FsmList<FSM2, FSM3>::dispatch<TIMER_2_EVENT>(TIMER_2_EVENT const&)
 .text._ZN7tinyfsm7FsmListIJ4FSM24FSM3EE17set_initial_stateEv
                0x0000000008002b14       0x10 Src/fsm_driver.o
                0x0000000008002b14                tinyfsm::FsmList<FSM2, FSM3>::set_initial_state()
 .text._ZN7tinyfsm3FsmI4FSM1E5enterEv
                0x0000000008002b24       0x1c Src/fsm_driver.o
                0x0000000008002b24                tinyfsm::Fsm<FSM1>::enter()
 .text._ZN7tinyfsm7FsmListIJ4FSM24FSM3EE5enterEv
                0x0000000008002b40       0x10 Src/fsm_driver.o
                0x0000000008002b40                tinyfsm::FsmList<FSM2, FSM3>::enter()
 .text._ZN7tinyfsm3FsmI4FSM2E8dispatchI13TIMER_3_EVENTEEvRKT_
                0x0000000008002b50       0x20 Src/fsm_driver.o
                0x0000000008002b50                void tinyfsm::Fsm<FSM2>::dispatch<TIMER_3_EVENT>(TIMER_3_EVENT const&)
 .text._ZN7tinyfsm7FsmListIJ4FSM3EE8dispatchI13TIMER_3_EVENTEEvRKT_
                0x0000000008002b70       0x1c Src/fsm_driver.o
                0x0000000008002b70                void tinyfsm::FsmList<FSM3>::dispatch<TIMER_3_EVENT>(TIMER_3_EVENT const&)
 .text._ZN7tinyfsm3FsmI4FSM2E8dispatchI13TIMER_1_EVENTEEvRKT_
                0x0000000008002b8c       0x20 Src/fsm_driver.o
                0x0000000008002b8c                void tinyfsm::Fsm<FSM2>::dispatch<TIMER_1_EVENT>(TIMER_1_EVENT const&)
 .text._ZN7tinyfsm7FsmListIJ4FSM3EE8dispatchI13TIMER_1_EVENTEEvRKT_
                0x0000000008002bac       0x1c Src/fsm_driver.o
                0x0000000008002bac                void tinyfsm::FsmList<FSM3>::dispatch<TIMER_1_EVENT>(TIMER_1_EVENT const&)
 .text._ZN7tinyfsm3FsmI4FSM2E8dispatchI13TIMER_2_EVENTEEvRKT_
                0x0000000008002bc8       0x28 Src/fsm_driver.o
                0x0000000008002bc8                void tinyfsm::Fsm<FSM2>::dispatch<TIMER_2_EVENT>(TIMER_2_EVENT const&)
 .text._ZN7tinyfsm7FsmListIJ4FSM3EE8dispatchI13TIMER_2_EVENTEEvRKT_
                0x0000000008002bf0       0x1c Src/fsm_driver.o
                0x0000000008002bf0                void tinyfsm::FsmList<FSM3>::dispatch<TIMER_2_EVENT>(TIMER_2_EVENT const&)
 .text._ZN7tinyfsm7FsmListIJ4FSM3EE17set_initial_stateEv
                0x0000000008002c0c       0x10 Src/fsm_driver.o
                0x0000000008002c0c                tinyfsm::FsmList<FSM3>::set_initial_state()
 .text._ZN7tinyfsm3FsmI4FSM2E5enterEv
                0x0000000008002c1c       0x1c Src/fsm_driver.o
                0x0000000008002c1c                tinyfsm::Fsm<FSM2>::enter()
 .text._ZN7tinyfsm7FsmListIJ4FSM3EE5enterEv
                0x0000000008002c38       0x10 Src/fsm_driver.o
                0x0000000008002c38                tinyfsm::FsmList<FSM3>::enter()
 .text._ZN7tinyfsm3FsmI4FSM3E8dispatchI13TIMER_3_EVENTEEvRKT_
                0x0000000008002c48       0x28 Src/fsm_driver.o
                0x0000000008002c48                void tinyfsm::Fsm<FSM3>::dispatch<TIMER_3_EVENT>(TIMER_3_EVENT const&)
 .text._ZN7tinyfsm7FsmListIJEE8dispatchI13TIMER_3_EVENTEEvRKT_
                0x0000000008002c70       0x14 Src/fsm_driver.o
                0x0000000008002c70                void tinyfsm::FsmList<>::dispatch<TIMER_3_EVENT>(TIMER_3_EVENT const&)
 .text._ZN7tinyfsm3FsmI4FSM3E8dispatchI13TIMER_1_EVENTEEvRKT_
                0x0000000008002c84       0x20 Src/fsm_driver.o
                0x0000000008002c84                void tinyfsm::Fsm<FSM3>::dispatch<TIMER_1_EVENT>(TIMER_1_EVENT const&)
 .text._ZN7tinyfsm7FsmListIJEE8dispatchI13TIMER_1_EVENTEEvRKT_
                0x0000000008002ca4       0x14 Src/fsm_driver.o
                0x0000000008002ca4                void tinyfsm::FsmList<>::dispatch<TIMER_1_EVENT>(TIMER_1_EVENT const&)
 .text._ZN7tinyfsm3FsmI4FSM3E8dispatchI13TIMER_2_EVENTEEvRKT_
                0x0000000008002cb8       0x20 Src/fsm_driver.o
                0x0000000008002cb8                void tinyfsm::Fsm<FSM3>::dispatch<TIMER_2_EVENT>(TIMER_2_EVENT const&)
 .text._ZN7tinyfsm7FsmListIJEE8dispatchI13TIMER_2_EVENTEEvRKT_
                0x0000000008002cd8       0x14 Src/fsm_driver.o
                0x0000000008002cd8                void tinyfsm::FsmList<>::dispatch<TIMER_2_EVENT>(TIMER_2_EVENT const&)
 .text._ZN7tinyfsm3FsmI4FSM3E5enterEv
                0x0000000008002cec       0x1c Src/fsm_driver.o
                0x0000000008002cec                tinyfsm::Fsm<FSM3>::enter()
 .text._ZN10Event_FIFOC2Ev
                0x0000000008002d08       0x22 Src/fsm_fifo.o
                0x0000000008002d08                Event_FIFO::Event_FIFO()
                0x0000000008002d08                Event_FIFO::Event_FIFO()
 *fill*         0x0000000008002d2a        0x2 
 .text._Z11write_event9FSM_Event
                0x0000000008002d2c       0x5c Src/fsm_fifo.o
                0x0000000008002d2c                write_event(FSM_Event)
 .text._Z10read_eventP9FSM_Event
                0x0000000008002d88       0x50 Src/fsm_fifo.o
                0x0000000008002d88                read_event(FSM_Event*)
 .text._Z41__static_initialization_and_destruction_0ii
                0x0000000008002dd8       0x2c Src/fsm_fifo.o
 .text._GLOBAL__sub_I_fifo
                0x0000000008002e04       0x10 Src/fsm_fifo.o
 .text.MX_GPIO_Init
                0x0000000008002e14       0xc8 Src/gpio.o
                0x0000000008002e14                MX_GPIO_Init
 .text.main     0x0000000008002edc       0x2e Src/main.o
                0x0000000008002edc                main
 *fill*         0x0000000008002f0a        0x2 
 .text._Z18SystemClock_Configv
                0x0000000008002f0c       0xf8 Src/main.o
                0x0000000008002f0c                SystemClock_Config()
 .text.Error_Handler
                0x0000000008003004        0xe Src/main.o
                0x0000000008003004                Error_Handler
 *fill*         0x0000000008003012        0x2 
 .text.HAL_MspInit
                0x0000000008003014       0x48 Src/stm32f7xx_hal_msp.o
                0x0000000008003014                HAL_MspInit
 .text.NMI_Handler
                0x000000000800305c        0xe Src/stm32f7xx_it.o
                0x000000000800305c                NMI_Handler
 .text.HardFault_Handler
                0x000000000800306a        0x6 Src/stm32f7xx_it.o
                0x000000000800306a                HardFault_Handler
 .text.MemManage_Handler
                0x0000000008003070        0x6 Src/stm32f7xx_it.o
                0x0000000008003070                MemManage_Handler
 .text.BusFault_Handler
                0x0000000008003076        0x6 Src/stm32f7xx_it.o
                0x0000000008003076                BusFault_Handler
 .text.UsageFault_Handler
                0x000000000800307c        0x6 Src/stm32f7xx_it.o
                0x000000000800307c                UsageFault_Handler
 .text.SVC_Handler
                0x0000000008003082        0xe Src/stm32f7xx_it.o
                0x0000000008003082                SVC_Handler
 .text.DebugMon_Handler
                0x0000000008003090        0xe Src/stm32f7xx_it.o
                0x0000000008003090                DebugMon_Handler
 .text.PendSV_Handler
                0x000000000800309e        0xe Src/stm32f7xx_it.o
                0x000000000800309e                PendSV_Handler
 .text.SysTick_Handler
                0x00000000080030ac        0xc Src/stm32f7xx_it.o
                0x00000000080030ac                SysTick_Handler
 .text.TIM1_UP_TIM10_IRQHandler
                0x00000000080030b8       0x14 Src/stm32f7xx_it.o
                0x00000000080030b8                TIM1_UP_TIM10_IRQHandler
 .text.TIM2_IRQHandler
                0x00000000080030cc       0x14 Src/stm32f7xx_it.o
                0x00000000080030cc                TIM2_IRQHandler
 .text.TIM3_IRQHandler
                0x00000000080030e0       0x14 Src/stm32f7xx_it.o
                0x00000000080030e0                TIM3_IRQHandler
 .text.SystemInit
                0x00000000080030f4       0x6c Src/system_stm32f7xx.o
                0x00000000080030f4                SystemInit
 .text.MX_TIM1_Init
                0x0000000008003160       0xa8 Src/tim.o
                0x0000000008003160                MX_TIM1_Init
 .text.MX_TIM2_Init
                0x0000000008003208       0x9c Src/tim.o
                0x0000000008003208                MX_TIM2_Init
 .text.MX_TIM3_Init
                0x00000000080032a4       0x9c Src/tim.o
                0x00000000080032a4                MX_TIM3_Init
 .text.HAL_TIM_Base_MspInit
                0x0000000008003340       0xb8 Src/tim.o
                0x0000000008003340                HAL_TIM_Base_MspInit
 .text._Z9state_S01v
                0x00000000080033f8       0x18 Src/user_states.o
                0x00000000080033f8                state_S01()
 .text._Z9state_S02v
                0x0000000008003410       0x18 Src/user_states.o
                0x0000000008003410                state_S02()
 .text._Z9state_S03v
                0x0000000008003428       0x18 Src/user_states.o
                0x0000000008003428                state_S03()
 .text._Z9state_S04v
                0x0000000008003440       0x18 Src/user_states.o
                0x0000000008003440                state_S04()
 .text._Z9state_S05v
                0x0000000008003458       0x18 Src/user_states.o
                0x0000000008003458                state_S05()
 .text._Z9state_S06v
                0x0000000008003470       0x18 Src/user_states.o
                0x0000000008003470                state_S06()
 .text._Z11start_timer5Timeri
                0x0000000008003488       0xac Src/user_timers.o
                0x0000000008003488                start_timer(Timer, int)
 .text._ZL15start_hal_timer17TIM_HandleTypeDefi
                0x0000000008003534       0x3e Src/user_timers.o
 *fill*         0x0000000008003572        0x2 
 .text._Z10stop_timer5Timer
                0x0000000008003574       0xa0 Src/user_timers.o
                0x0000000008003574                stop_timer(Timer)
 .text._ZL14stop_hal_timer17TIM_HandleTypeDef
                0x0000000008003614       0x28 Src/user_timers.o
 .text.HAL_TIM_PeriodElapsedCallback
                0x000000000800363c       0x48 Src/user_timers.o
                0x000000000800363c                HAL_TIM_PeriodElapsedCallback
 .text.Reset_Handler
                0x0000000008003684       0x50 Startup/startup_stm32f767zitx.o
                0x0000000008003684                Reset_Handler
 .text.Default_Handler
                0x00000000080036d4        0x2 Startup/startup_stm32f767zitx.o
                0x00000000080036d4                RTC_Alarm_IRQHandler
                0x00000000080036d4                EXTI2_IRQHandler
                0x00000000080036d4                TIM8_CC_IRQHandler
                0x00000000080036d4                UART8_IRQHandler
                0x00000000080036d4                SPI4_IRQHandler
                0x00000000080036d4                TIM1_CC_IRQHandler
                0x00000000080036d4                DMA2_Stream5_IRQHandler
                0x00000000080036d4                JPEG_IRQHandler
                0x00000000080036d4                DMA1_Stream5_IRQHandler
                0x00000000080036d4                CAN3_RX1_IRQHandler
                0x00000000080036d4                PVD_IRQHandler
                0x00000000080036d4                TAMP_STAMP_IRQHandler
                0x00000000080036d4                CAN2_RX1_IRQHandler
                0x00000000080036d4                EXTI3_IRQHandler
                0x00000000080036d4                TIM8_TRG_COM_TIM14_IRQHandler
                0x00000000080036d4                DFSDM1_FLT1_IRQHandler
                0x00000000080036d4                TIM8_UP_TIM13_IRQHandler
                0x00000000080036d4                I2C3_ER_IRQHandler
                0x00000000080036d4                DFSDM1_FLT2_IRQHandler
                0x00000000080036d4                EXTI0_IRQHandler
                0x00000000080036d4                I2C2_EV_IRQHandler
                0x00000000080036d4                DMA1_Stream2_IRQHandler
                0x00000000080036d4                CAN1_RX0_IRQHandler
                0x00000000080036d4                FPU_IRQHandler
                0x00000000080036d4                OTG_HS_WKUP_IRQHandler
                0x00000000080036d4                CAN3_SCE_IRQHandler
                0x00000000080036d4                LTDC_ER_IRQHandler
                0x00000000080036d4                CAN2_SCE_IRQHandler
                0x00000000080036d4                DMA2_Stream2_IRQHandler
                0x00000000080036d4                SPI1_IRQHandler
                0x00000000080036d4                TIM6_DAC_IRQHandler
                0x00000000080036d4                TIM1_BRK_TIM9_IRQHandler
                0x00000000080036d4                DCMI_IRQHandler
                0x00000000080036d4                CAN2_RX0_IRQHandler
                0x00000000080036d4                DMA2_Stream3_IRQHandler
                0x00000000080036d4                SAI2_IRQHandler
                0x00000000080036d4                DFSDM1_FLT3_IRQHandler
                0x00000000080036d4                USART6_IRQHandler
                0x00000000080036d4                CAN3_RX0_IRQHandler
                0x00000000080036d4                USART3_IRQHandler
                0x00000000080036d4                CAN1_RX1_IRQHandler
                0x00000000080036d4                UART5_IRQHandler
                0x00000000080036d4                DMA2_Stream0_IRQHandler
                0x00000000080036d4                TIM4_IRQHandler
                0x00000000080036d4                QUADSPI_IRQHandler
                0x00000000080036d4                I2C1_EV_IRQHandler
                0x00000000080036d4                DMA1_Stream6_IRQHandler
                0x00000000080036d4                DMA1_Stream1_IRQHandler
                0x00000000080036d4                UART4_IRQHandler
                0x00000000080036d4                RCC_IRQHandler
                0x00000000080036d4                TIM8_BRK_TIM12_IRQHandler
                0x00000000080036d4                Default_Handler
                0x00000000080036d4                CEC_IRQHandler
                0x00000000080036d4                EXTI15_10_IRQHandler
                0x00000000080036d4                ADC_IRQHandler
                0x00000000080036d4                DMA1_Stream7_IRQHandler
                0x00000000080036d4                SPI5_IRQHandler
                0x00000000080036d4                TIM7_IRQHandler
                0x00000000080036d4                SDMMC1_IRQHandler
                0x00000000080036d4                CAN2_TX_IRQHandler
                0x00000000080036d4                TIM5_IRQHandler
                0x00000000080036d4                DMA2_Stream7_IRQHandler
                0x00000000080036d4                I2C3_EV_IRQHandler
                0x00000000080036d4                EXTI9_5_IRQHandler
                0x00000000080036d4                RTC_WKUP_IRQHandler
                0x00000000080036d4                LTDC_IRQHandler
                0x00000000080036d4                ETH_WKUP_IRQHandler
                0x00000000080036d4                SPDIF_RX_IRQHandler
                0x00000000080036d4                SPI2_IRQHandler
                0x00000000080036d4                OTG_HS_EP1_IN_IRQHandler
                0x00000000080036d4                DMA1_Stream0_IRQHandler
                0x00000000080036d4                CAN1_TX_IRQHandler
                0x00000000080036d4                EXTI4_IRQHandler
                0x00000000080036d4                RNG_IRQHandler
                0x00000000080036d4                ETH_IRQHandler
                0x00000000080036d4                OTG_HS_EP1_OUT_IRQHandler
                0x00000000080036d4                WWDG_IRQHandler
                0x00000000080036d4                SPI6_IRQHandler
                0x00000000080036d4                MDIOS_IRQHandler
                0x00000000080036d4                I2C4_EV_IRQHandler
                0x00000000080036d4                CAN3_TX_IRQHandler
                0x00000000080036d4                OTG_FS_WKUP_IRQHandler
                0x00000000080036d4                TIM1_TRG_COM_TIM11_IRQHandler
                0x00000000080036d4                OTG_HS_IRQHandler
                0x00000000080036d4                DMA2D_IRQHandler
                0x00000000080036d4                EXTI1_IRQHandler
                0x00000000080036d4                SDMMC2_IRQHandler
                0x00000000080036d4                UART7_IRQHandler
                0x00000000080036d4                USART2_IRQHandler
                0x00000000080036d4                DFSDM1_FLT0_IRQHandler
                0x00000000080036d4                I2C2_ER_IRQHandler
                0x00000000080036d4                DMA2_Stream1_IRQHandler
                0x00000000080036d4                CAN1_SCE_IRQHandler
                0x00000000080036d4                FLASH_IRQHandler
                0x00000000080036d4                DMA2_Stream4_IRQHandler
                0x00000000080036d4                USART1_IRQHandler
                0x00000000080036d4                OTG_FS_IRQHandler
                0x00000000080036d4                SPI3_IRQHandler
                0x00000000080036d4                DMA1_Stream4_IRQHandler
                0x00000000080036d4                I2C1_ER_IRQHandler
                0x00000000080036d4                FMC_IRQHandler
                0x00000000080036d4                LPTIM1_IRQHandler
                0x00000000080036d4                I2C4_ER_IRQHandler
                0x00000000080036d4                DMA2_Stream6_IRQHandler
                0x00000000080036d4                SAI1_IRQHandler
                0x00000000080036d4                DMA1_Stream3_IRQHandler
 *fill*         0x00000000080036d6        0x2 
 .text.__libc_init_array
                0x00000000080036d8       0x48 c:/st/stm32cubeide_1.0.2/stm32cubeide/plugins/com.st.stm32cube.ide.mcu.externaltools.gnu-tools-for-stm32.7-2018-q2-update.win32_1.0.0.201904181610/tools/bin/../lib/gcc/arm-none-eabi/7.3.1/../../../../arm-none-eabi/lib/thumb/v7e-m/fpv5/hard\libc_nano.a(lib_a-init.o)
                0x00000000080036d8                __libc_init_array
 .text.memset   0x0000000008003720       0x10 c:/st/stm32cubeide_1.0.2/stm32cubeide/plugins/com.st.stm32cube.ide.mcu.externaltools.gnu-tools-for-stm32.7-2018-q2-update.win32_1.0.0.201904181610/tools/bin/../lib/gcc/arm-none-eabi/7.3.1/../../../../arm-none-eabi/lib/thumb/v7e-m/fpv5/hard\libc_nano.a(lib_a-memset.o)
                0x0000000008003720                memset
 *(.glue_7)
 .glue_7        0x0000000008003730        0x0 linker stubs
 *(.glue_7t)
 .glue_7t       0x0000000008003730        0x0 linker stubs
 *(.eh_frame)
 .eh_frame      0x0000000008003730        0x0 c:/st/stm32cubeide_1.0.2/stm32cubeide/plugins/com.st.stm32cube.ide.mcu.externaltools.gnu-tools-for-stm32.7-2018-q2-update.win32_1.0.0.201904181610/tools/bin/../lib/gcc/arm-none-eabi/7.3.1/thumb/v7e-m/fpv5/hard/crtbegin.o
 *(.init)
 .init          0x0000000008003730        0x4 c:/st/stm32cubeide_1.0.2/stm32cubeide/plugins/com.st.stm32cube.ide.mcu.externaltools.gnu-tools-for-stm32.7-2018-q2-update.win32_1.0.0.201904181610/tools/bin/../lib/gcc/arm-none-eabi/7.3.1/thumb/v7e-m/fpv5/hard/crti.o
                0x0000000008003730                _init
 .init          0x0000000008003734        0x8 c:/st/stm32cubeide_1.0.2/stm32cubeide/plugins/com.st.stm32cube.ide.mcu.externaltools.gnu-tools-for-stm32.7-2018-q2-update.win32_1.0.0.201904181610/tools/bin/../lib/gcc/arm-none-eabi/7.3.1/thumb/v7e-m/fpv5/hard/crtn.o
 *(.fini)
 .fini          0x000000000800373c        0x4 c:/st/stm32cubeide_1.0.2/stm32cubeide/plugins/com.st.stm32cube.ide.mcu.externaltools.gnu-tools-for-stm32.7-2018-q2-update.win32_1.0.0.201904181610/tools/bin/../lib/gcc/arm-none-eabi/7.3.1/thumb/v7e-m/fpv5/hard/crti.o
                0x000000000800373c                _fini
 .fini          0x0000000008003740        0x8 c:/st/stm32cubeide_1.0.2/stm32cubeide/plugins/com.st.stm32cube.ide.mcu.externaltools.gnu-tools-for-stm32.7-2018-q2-update.win32_1.0.0.201904181610/tools/bin/../lib/gcc/arm-none-eabi/7.3.1/thumb/v7e-m/fpv5/hard/crtn.o
                0x0000000008003748                . = ALIGN (0x4)
                0x0000000008003748                _etext = .

.vfp11_veneer   0x0000000008003748        0x0
 .vfp11_veneer  0x0000000008003748        0x0 linker stubs

.v4_bx          0x0000000008003748        0x0
 .v4_bx         0x0000000008003748        0x0 linker stubs

.iplt           0x0000000008003748        0x0
 .iplt          0x0000000008003748        0x0 c:/st/stm32cubeide_1.0.2/stm32cubeide/plugins/com.st.stm32cube.ide.mcu.externaltools.gnu-tools-for-stm32.7-2018-q2-update.win32_1.0.0.201904181610/tools/bin/../lib/gcc/arm-none-eabi/7.3.1/thumb/v7e-m/fpv5/hard/crtbegin.o

.rodata         0x0000000008003748       0x88
                0x0000000008003748                . = ALIGN (0x4)
 *(.rodata)
 *(.rodata*)
 .rodata._ZTV8FSM1_S01
                0x0000000008003748       0x14 Src/FSM1.o
                0x0000000008003748                vtable for FSM1_S01
 .rodata._ZTV8FSM1_S02
                0x000000000800375c       0x14 Src/FSM1.o
                0x000000000800375c                vtable for FSM1_S02
 .rodata._ZTV8FSM2_S04
                0x0000000008003770       0x14 Src/FSM2.o
                0x0000000008003770                vtable for FSM2_S04
 .rodata._ZTV8FSM2_S03
                0x0000000008003784       0x14 Src/FSM2.o
                0x0000000008003784                vtable for FSM2_S03
 .rodata._ZTV8FSM3_S06
                0x0000000008003798       0x14 Src/FSM3.o
                0x0000000008003798                vtable for FSM3_S06
 .rodata._ZTV8FSM3_S05
                0x00000000080037ac       0x14 Src/FSM3.o
                0x00000000080037ac                vtable for FSM3_S05
 .rodata.AHBPrescTable
                0x00000000080037c0       0x10 Src/system_stm32f7xx.o
                0x00000000080037c0                AHBPrescTable
                0x00000000080037d0                . = ALIGN (0x4)

.ARM.extab      0x00000000080037d0        0x0
                0x00000000080037d0                . = ALIGN (0x4)
 *(.ARM.extab* .gnu.linkonce.armextab.*)
                0x00000000080037d0                . = ALIGN (0x4)

.ARM            0x00000000080037d0        0x8
                0x00000000080037d0                . = ALIGN (0x4)
                0x00000000080037d0                __exidx_start = .
 *(.ARM.exidx*)
 .ARM.exidx     0x00000000080037d0        0x8 c:/st/stm32cubeide_1.0.2/stm32cubeide/plugins/com.st.stm32cube.ide.mcu.externaltools.gnu-tools-for-stm32.7-2018-q2-update.win32_1.0.0.201904181610/tools/bin/../lib/gcc/arm-none-eabi/7.3.1/thumb/v7e-m/fpv5/hard\libgcc.a(_udivmoddi4.o)
                0x00000000080037d8                __exidx_end = .
                0x00000000080037d8                . = ALIGN (0x4)

.rel.dyn        0x00000000080037d8        0x0
 .rel.iplt      0x00000000080037d8        0x0 c:/st/stm32cubeide_1.0.2/stm32cubeide/plugins/com.st.stm32cube.ide.mcu.externaltools.gnu-tools-for-stm32.7-2018-q2-update.win32_1.0.0.201904181610/tools/bin/../lib/gcc/arm-none-eabi/7.3.1/thumb/v7e-m/fpv5/hard/crtbegin.o

.preinit_array  0x00000000080037d8        0x0
                0x00000000080037d8                . = ALIGN (0x4)
                0x00000000080037d8                PROVIDE (__preinit_array_start = .)
 *(.preinit_array*)
                0x00000000080037d8                PROVIDE (__preinit_array_end = .)
                0x00000000080037d8                . = ALIGN (0x4)

.init_array     0x00000000080037d8        0x8
                0x00000000080037d8                . = ALIGN (0x4)
                0x00000000080037d8                PROVIDE (__init_array_start = .)
 *(SORT_BY_NAME(.init_array.*))
 *(.init_array*)
 .init_array    0x00000000080037d8        0x4 c:/st/stm32cubeide_1.0.2/stm32cubeide/plugins/com.st.stm32cube.ide.mcu.externaltools.gnu-tools-for-stm32.7-2018-q2-update.win32_1.0.0.201904181610/tools/bin/../lib/gcc/arm-none-eabi/7.3.1/thumb/v7e-m/fpv5/hard/crtbegin.o
 .init_array    0x00000000080037dc        0x4 Src/fsm_fifo.o
                0x00000000080037e0                PROVIDE (__init_array_end = .)
                0x00000000080037e0                . = ALIGN (0x4)

.fini_array     0x00000000080037e0        0x4
                0x00000000080037e0                . = ALIGN (0x4)
                [!provide]                        PROVIDE (__fini_array_start = .)
 *(SORT_BY_NAME(.fini_array.*))
 *(.fini_array*)
 .fini_array    0x00000000080037e0        0x4 c:/st/stm32cubeide_1.0.2/stm32cubeide/plugins/com.st.stm32cube.ide.mcu.externaltools.gnu-tools-for-stm32.7-2018-q2-update.win32_1.0.0.201904181610/tools/bin/../lib/gcc/arm-none-eabi/7.3.1/thumb/v7e-m/fpv5/hard/crtbegin.o
                [!provide]                        PROVIDE (__fini_array_end = .)
                0x00000000080037e4                . = ALIGN (0x4)
                0x00000000080037e4                _sidata = LOADADDR (.data)

.data           0x0000000020000000       0x24 load address 0x00000000080037e4
                0x0000000020000000                . = ALIGN (0x4)
                0x0000000020000000                _sdata = .
 *(.data)
 *(.data*)
 .data.uwTickPrio
                0x0000000020000000        0x4 Drivers/STM32F7xx_HAL_Driver/Src/stm32f7xx_hal.o
                0x0000000020000000                uwTickPrio
 .data.uwTickFreq
                0x0000000020000004        0x1 Drivers/STM32F7xx_HAL_Driver/Src/stm32f7xx_hal.o
                0x0000000020000004                uwTickFreq
 *fill*         0x0000000020000005        0x3 
 .data._ZN7tinyfsm15_state_instanceI8FSM1_S01E5valueE
                0x0000000020000008        0x4 Src/FSM1.o
                0x0000000020000008                tinyfsm::_state_instance<FSM1_S01>::value
 .data._ZN7tinyfsm15_state_instanceI8FSM1_S02E5valueE
                0x000000002000000c        0x4 Src/FSM1.o
                0x000000002000000c                tinyfsm::_state_instance<FSM1_S02>::value
 .data._ZN7tinyfsm15_state_instanceI8FSM2_S03E5valueE
                0x0000000020000010        0x4 Src/FSM2.o
                0x0000000020000010                tinyfsm::_state_instance<FSM2_S03>::value
 .data._ZN7tinyfsm15_state_instanceI8FSM2_S04E5valueE
                0x0000000020000014        0x4 Src/FSM2.o
                0x0000000020000014                tinyfsm::_state_instance<FSM2_S04>::value
 .data._ZN7tinyfsm15_state_instanceI8FSM3_S05E5valueE
                0x0000000020000018        0x4 Src/FSM3.o
                0x0000000020000018                tinyfsm::_state_instance<FSM3_S05>::value
 .data._ZN7tinyfsm15_state_instanceI8FSM3_S06E5valueE
                0x000000002000001c        0x4 Src/FSM3.o
                0x000000002000001c                tinyfsm::_state_instance<FSM3_S06>::value
 .data.SystemCoreClock
                0x0000000020000020        0x4 Src/system_stm32f7xx.o
                0x0000000020000020                SystemCoreClock
                0x0000000020000024                . = ALIGN (0x4)
                0x0000000020000024                _edata = .

.igot.plt       0x0000000020000024        0x0 load address 0x0000000008003808
 .igot.plt      0x0000000020000024        0x0 c:/st/stm32cubeide_1.0.2/stm32cubeide/plugins/com.st.stm32cube.ide.mcu.externaltools.gnu-tools-for-stm32.7-2018-q2-update.win32_1.0.0.201904181610/tools/bin/../lib/gcc/arm-none-eabi/7.3.1/thumb/v7e-m/fpv5/hard/crtbegin.o
                0x0000000020000024                . = ALIGN (0x4)

.bss            0x0000000020000024      0x23c load address 0x0000000008003808
                0x0000000020000024                _sbss = .
                0x0000000020000024                __bss_start__ = _sbss
 *(.bss)
 .bss           0x0000000020000024       0x1c c:/st/stm32cubeide_1.0.2/stm32cubeide/plugins/com.st.stm32cube.ide.mcu.externaltools.gnu-tools-for-stm32.7-2018-q2-update.win32_1.0.0.201904181610/tools/bin/../lib/gcc/arm-none-eabi/7.3.1/thumb/v7e-m/fpv5/hard/crtbegin.o
 *(.bss*)
 .bss._ZN7tinyfsm3FsmI4FSM1E17current_state_ptrE
                0x0000000020000040        0x4 Src/FSM1.o
                0x0000000020000040                tinyfsm::Fsm<FSM1>::current_state_ptr
 .bss._ZN7tinyfsm3FsmI4FSM2E17current_state_ptrE
                0x0000000020000044        0x4 Src/FSM2.o
                0x0000000020000044                tinyfsm::Fsm<FSM2>::current_state_ptr
 .bss._ZN7tinyfsm3FsmI4FSM3E17current_state_ptrE
                0x0000000020000048        0x4 Src/FSM3.o
                0x0000000020000048                tinyfsm::Fsm<FSM3>::current_state_ptr
 .bss.TIMER_3_EVENT_SINGLETON
                0x000000002000004c        0x1 Src/fsm_driver.o
                0x000000002000004c                TIMER_3_EVENT_SINGLETON
 *fill*         0x000000002000004d        0x3 
 .bss.TIMER_1_EVENT_SINGLETON
                0x0000000020000050        0x1 Src/fsm_driver.o
                0x0000000020000050                TIMER_1_EVENT_SINGLETON
 *fill*         0x0000000020000051        0x3 
 .bss.TIMER_2_EVENT_SINGLETON
                0x0000000020000054        0x1 Src/fsm_driver.o
                0x0000000020000054                TIMER_2_EVENT_SINGLETON
 *fill*         0x0000000020000055        0x3 
 .bss.fifo      0x0000000020000058       0x6c Src/fsm_fifo.o
                0x0000000020000058                fifo
 *(COMMON)
 COMMON         0x00000000200000c4        0x4 Drivers/STM32F7xx_HAL_Driver/Src/stm32f7xx_hal.o
                0x00000000200000c4                uwTick
 COMMON         0x00000000200000c8       0xd8 Src/adc.o
                0x00000000200000c8                hadc2
                0x0000000020000110                hadc1
                0x0000000020000158                hadc3
 COMMON         0x00000000200001a0       0xc0 Src/tim.o
                0x00000000200001a0                htim3
                0x00000000200001e0                htim1
                0x0000000020000220                htim2
                0x0000000020000260                . = ALIGN (0x4)
                0x0000000020000260                _ebss = .
                0x0000000020000260                __bss_end__ = _ebss

._user_heap_stack
                0x0000000020000260      0x600 load address 0x0000000008003808
                0x0000000020000260                . = ALIGN (0x8)
                0x0000000020000260                PROVIDE (end = .)
                [!provide]                        PROVIDE (_end = .)
                0x0000000020000460                . = (. + _Min_Heap_Size)
 *fill*         0x0000000020000260      0x200 
                0x0000000020000860                . = (. + _Min_Stack_Size)
 *fill*         0x0000000020000460      0x400 
                0x0000000020000860                . = ALIGN (0x8)

/DISCARD/
 libc.a(*)
 libm.a(*)
 libgcc.a(*)

.ARM.attributes
                0x0000000000000000       0x2e
 *(.ARM.attributes)
 .ARM.attributes
                0x0000000000000000       0x20 c:/st/stm32cubeide_1.0.2/stm32cubeide/plugins/com.st.stm32cube.ide.mcu.externaltools.gnu-tools-for-stm32.7-2018-q2-update.win32_1.0.0.201904181610/tools/bin/../lib/gcc/arm-none-eabi/7.3.1/thumb/v7e-m/fpv5/hard/crti.o
 .ARM.attributes
                0x0000000000000020       0x32 c:/st/stm32cubeide_1.0.2/stm32cubeide/plugins/com.st.stm32cube.ide.mcu.externaltools.gnu-tools-for-stm32.7-2018-q2-update.win32_1.0.0.201904181610/tools/bin/../lib/gcc/arm-none-eabi/7.3.1/thumb/v7e-m/fpv5/hard/crtbegin.o
 .ARM.attributes
                0x0000000000000052       0x37 Drivers/STM32F7xx_HAL_Driver/Src/stm32f7xx_hal.o
 .ARM.attributes
                0x0000000000000089       0x37 Drivers/STM32F7xx_HAL_Driver/Src/stm32f7xx_hal_adc.o
 .ARM.attributes
                0x00000000000000c0       0x37 Drivers/STM32F7xx_HAL_Driver/Src/stm32f7xx_hal_cortex.o
 .ARM.attributes
                0x00000000000000f7       0x37 Drivers/STM32F7xx_HAL_Driver/Src/stm32f7xx_hal_gpio.o
 .ARM.attributes
                0x000000000000012e       0x37 Drivers/STM32F7xx_HAL_Driver/Src/stm32f7xx_hal_pwr_ex.o
 .ARM.attributes
                0x0000000000000165       0x37 Drivers/STM32F7xx_HAL_Driver/Src/stm32f7xx_hal_rcc.o
 .ARM.attributes
                0x000000000000019c       0x37 Drivers/STM32F7xx_HAL_Driver/Src/stm32f7xx_hal_tim.o
 .ARM.attributes
                0x00000000000001d3       0x37 Drivers/STM32F7xx_HAL_Driver/Src/stm32f7xx_hal_tim_ex.o
 .ARM.attributes
                0x000000000000020a       0x37 Src/FSM1.o
 .ARM.attributes
                0x0000000000000241       0x37 Src/FSM2.o
 .ARM.attributes
                0x0000000000000278       0x37 Src/FSM3.o
 .ARM.attributes
                0x00000000000002af       0x37 Src/adc.o
 .ARM.attributes
                0x00000000000002e6       0x37 Src/fsm_driver.o
 .ARM.attributes
                0x000000000000031d       0x37 Src/fsm_fifo.o
 .ARM.attributes
                0x0000000000000354       0x37 Src/gpio.o
 .ARM.attributes
                0x000000000000038b       0x37 Src/main.o
 .ARM.attributes
                0x00000000000003c2       0x37 Src/stm32f7xx_hal_msp.o
 .ARM.attributes
                0x00000000000003f9       0x37 Src/stm32f7xx_it.o
 .ARM.attributes
                0x0000000000000430       0x37 Src/system_stm32f7xx.o
 .ARM.attributes
                0x0000000000000467       0x37 Src/tim.o
 .ARM.attributes
                0x000000000000049e       0x37 Src/user_states.o
 .ARM.attributes
                0x00000000000004d5       0x37 Src/user_timers.o
 .ARM.attributes
                0x000000000000050c       0x21 Startup/startup_stm32f767zitx.o
 .ARM.attributes
                0x000000000000052d       0x32 c:/st/stm32cubeide_1.0.2/stm32cubeide/plugins/com.st.stm32cube.ide.mcu.externaltools.gnu-tools-for-stm32.7-2018-q2-update.win32_1.0.0.201904181610/tools/bin/../lib/gcc/arm-none-eabi/7.3.1/../../../../arm-none-eabi/lib/thumb/v7e-m/fpv5/hard\libc_nano.a(lib_a-init.o)
 .ARM.attributes
                0x000000000000055f       0x32 c:/st/stm32cubeide_1.0.2/stm32cubeide/plugins/com.st.stm32cube.ide.mcu.externaltools.gnu-tools-for-stm32.7-2018-q2-update.win32_1.0.0.201904181610/tools/bin/../lib/gcc/arm-none-eabi/7.3.1/../../../../arm-none-eabi/lib/thumb/v7e-m/fpv5/hard\libc_nano.a(lib_a-memset.o)
 .ARM.attributes
                0x0000000000000591       0x20 c:/st/stm32cubeide_1.0.2/stm32cubeide/plugins/com.st.stm32cube.ide.mcu.externaltools.gnu-tools-for-stm32.7-2018-q2-update.win32_1.0.0.201904181610/tools/bin/../lib/gcc/arm-none-eabi/7.3.1/thumb/v7e-m/fpv5/hard\libgcc.a(_aeabi_uldivmod.o)
 .ARM.attributes
                0x00000000000005b1       0x32 c:/st/stm32cubeide_1.0.2/stm32cubeide/plugins/com.st.stm32cube.ide.mcu.externaltools.gnu-tools-for-stm32.7-2018-q2-update.win32_1.0.0.201904181610/tools/bin/../lib/gcc/arm-none-eabi/7.3.1/thumb/v7e-m/fpv5/hard\libgcc.a(_udivmoddi4.o)
 .ARM.attributes
                0x00000000000005e3       0x20 c:/st/stm32cubeide_1.0.2/stm32cubeide/plugins/com.st.stm32cube.ide.mcu.externaltools.gnu-tools-for-stm32.7-2018-q2-update.win32_1.0.0.201904181610/tools/bin/../lib/gcc/arm-none-eabi/7.3.1/thumb/v7e-m/fpv5/hard\libgcc.a(_dvmd_tls.o)
 .ARM.attributes
                0x0000000000000603       0x20 c:/st/stm32cubeide_1.0.2/stm32cubeide/plugins/com.st.stm32cube.ide.mcu.externaltools.gnu-tools-for-stm32.7-2018-q2-update.win32_1.0.0.201904181610/tools/bin/../lib/gcc/arm-none-eabi/7.3.1/thumb/v7e-m/fpv5/hard/crtn.o
OUTPUT(LiveDemo.elf elf32-littlearm)

.debug_info     0x0000000000000000     0xee40
 .debug_info    0x0000000000000000      0xa37 Drivers/STM32F7xx_HAL_Driver/Src/stm32f7xx_hal.o
 .debug_info    0x0000000000000a37      0xc9d Drivers/STM32F7xx_HAL_Driver/Src/stm32f7xx_hal_adc.o
 .debug_info    0x00000000000016d4     0x108c Drivers/STM32F7xx_HAL_Driver/Src/stm32f7xx_hal_cortex.o
 .debug_info    0x0000000000002760      0x7e9 Drivers/STM32F7xx_HAL_Driver/Src/stm32f7xx_hal_gpio.o
 .debug_info    0x0000000000002f49      0x96b Drivers/STM32F7xx_HAL_Driver/Src/stm32f7xx_hal_pwr_ex.o
 .debug_info    0x00000000000038b4      0x987 Drivers/STM32F7xx_HAL_Driver/Src/stm32f7xx_hal_rcc.o
 .debug_info    0x000000000000423b     0x25ba Drivers/STM32F7xx_HAL_Driver/Src/stm32f7xx_hal_tim.o
 .debug_info    0x00000000000067f5     0x1307 Drivers/STM32F7xx_HAL_Driver/Src/stm32f7xx_hal_tim_ex.o
 .debug_info    0x0000000000007afc      0x908 Src/FSM1.o
 .debug_info    0x0000000000008404      0x908 Src/FSM2.o
 .debug_info    0x0000000000008d0c      0x908 Src/FSM3.o
 .debug_info    0x0000000000009614      0xb44 Src/adc.o
 .debug_info    0x000000000000a158      0xd0b Src/fsm_driver.o
 .debug_info    0x000000000000ae63      0x257 Src/fsm_fifo.o
 .debug_info    0x000000000000b0ba      0x50b Src/gpio.o
 .debug_info    0x000000000000b5c5      0xd53 Src/main.o
 .debug_info    0x000000000000c318      0x389 Src/stm32f7xx_hal_msp.o
 .debug_info    0x000000000000c6a1      0x770 Src/stm32f7xx_it.o
 .debug_info    0x000000000000ce11      0x73d Src/system_stm32f7xx.o
 .debug_info    0x000000000000d54e      0xd35 Src/tim.o
 .debug_info    0x000000000000e283      0x32f Src/user_states.o
 .debug_info    0x000000000000e5b2      0x86c Src/user_timers.o
 .debug_info    0x000000000000ee1e       0x22 Startup/startup_stm32f767zitx.o

.debug_abbrev   0x0000000000000000     0x2c1f
 .debug_abbrev  0x0000000000000000      0x1c7 Drivers/STM32F7xx_HAL_Driver/Src/stm32f7xx_hal.o
 .debug_abbrev  0x00000000000001c7      0x205 Drivers/STM32F7xx_HAL_Driver/Src/stm32f7xx_hal_adc.o
 .debug_abbrev  0x00000000000003cc      0x2fa Drivers/STM32F7xx_HAL_Driver/Src/stm32f7xx_hal_cortex.o
 .debug_abbrev  0x00000000000006c6      0x1c9 Drivers/STM32F7xx_HAL_Driver/Src/stm32f7xx_hal_gpio.o
 .debug_abbrev  0x000000000000088f      0x1b8 Drivers/STM32F7xx_HAL_Driver/Src/stm32f7xx_hal_pwr_ex.o
 .debug_abbrev  0x0000000000000a47      0x268 Drivers/STM32F7xx_HAL_Driver/Src/stm32f7xx_hal_rcc.o
 .debug_abbrev  0x0000000000000caf      0x230 Drivers/STM32F7xx_HAL_Driver/Src/stm32f7xx_hal_tim.o
 .debug_abbrev  0x0000000000000edf      0x21e Drivers/STM32F7xx_HAL_Driver/Src/stm32f7xx_hal_tim_ex.o
 .debug_abbrev  0x00000000000010fd      0x32d Src/FSM1.o
 .debug_abbrev  0x000000000000142a      0x32d Src/FSM2.o
 .debug_abbrev  0x0000000000001757      0x32d Src/FSM3.o
 .debug_abbrev  0x0000000000001a84      0x199 Src/adc.o
 .debug_abbrev  0x0000000000001c1d      0x2cd Src/fsm_driver.o
 .debug_abbrev  0x0000000000001eea      0x1be Src/fsm_fifo.o
 .debug_abbrev  0x00000000000020a8      0x134 Src/gpio.o
 .debug_abbrev  0x00000000000021dc      0x1b1 Src/main.o
 .debug_abbrev  0x000000000000238d      0x109 Src/stm32f7xx_hal_msp.o
 .debug_abbrev  0x0000000000002496      0x15a Src/stm32f7xx_it.o
 .debug_abbrev  0x00000000000025f0      0x147 Src/system_stm32f7xx.o
 .debug_abbrev  0x0000000000002737      0x1a4 Src/tim.o
 .debug_abbrev  0x00000000000028db      0x137 Src/user_states.o
 .debug_abbrev  0x0000000000002a12      0x1fb Src/user_timers.o
 .debug_abbrev  0x0000000000002c0d       0x12 Startup/startup_stm32f767zitx.o

.debug_aranges  0x0000000000000000      0xe58
 .debug_aranges
                0x0000000000000000      0x110 Drivers/STM32F7xx_HAL_Driver/Src/stm32f7xx_hal.o
 .debug_aranges
                0x0000000000000110       0xe8 Drivers/STM32F7xx_HAL_Driver/Src/stm32f7xx_hal_adc.o
 .debug_aranges
                0x00000000000001f8      0x118 Drivers/STM32F7xx_HAL_Driver/Src/stm32f7xx_hal_cortex.o
 .debug_aranges
                0x0000000000000310       0x58 Drivers/STM32F7xx_HAL_Driver/Src/stm32f7xx_hal_gpio.o
 .debug_aranges
                0x0000000000000368       0x80 Drivers/STM32F7xx_HAL_Driver/Src/stm32f7xx_hal_pwr_ex.o
 .debug_aranges
                0x00000000000003e8       0x88 Drivers/STM32F7xx_HAL_Driver/Src/stm32f7xx_hal_rcc.o
 .debug_aranges
                0x0000000000000470      0x3b8 Drivers/STM32F7xx_HAL_Driver/Src/stm32f7xx_hal_tim.o
 .debug_aranges
                0x0000000000000828      0x168 Drivers/STM32F7xx_HAL_Driver/Src/stm32f7xx_hal_tim_ex.o
 .debug_aranges
                0x0000000000000990       0x58 Src/FSM1.o
 .debug_aranges
                0x00000000000009e8       0x58 Src/FSM2.o
 .debug_aranges
                0x0000000000000a40       0x58 Src/FSM3.o
 .debug_aranges
                0x0000000000000a98       0x40 Src/adc.o
 .debug_aranges
                0x0000000000000ad8      0x140 Src/fsm_driver.o
 .debug_aranges
                0x0000000000000c18       0x40 Src/fsm_fifo.o
 .debug_aranges
                0x0000000000000c58       0x20 Src/gpio.o
 .debug_aranges
                0x0000000000000c78       0x30 Src/main.o
 .debug_aranges
                0x0000000000000ca8       0x20 Src/stm32f7xx_hal_msp.o
 .debug_aranges
                0x0000000000000cc8       0x78 Src/stm32f7xx_it.o
 .debug_aranges
                0x0000000000000d40       0x28 Src/system_stm32f7xx.o
 .debug_aranges
                0x0000000000000d68       0x40 Src/tim.o
 .debug_aranges
                0x0000000000000da8       0x48 Src/user_states.o
 .debug_aranges
                0x0000000000000df0       0x40 Src/user_timers.o
 .debug_aranges
                0x0000000000000e30       0x28 Startup/startup_stm32f767zitx.o

.debug_ranges   0x0000000000000000      0xcf0
 .debug_ranges  0x0000000000000000      0x100 Drivers/STM32F7xx_HAL_Driver/Src/stm32f7xx_hal.o
 .debug_ranges  0x0000000000000100       0xd8 Drivers/STM32F7xx_HAL_Driver/Src/stm32f7xx_hal_adc.o
 .debug_ranges  0x00000000000001d8      0x108 Drivers/STM32F7xx_HAL_Driver/Src/stm32f7xx_hal_cortex.o
 .debug_ranges  0x00000000000002e0       0x48 Drivers/STM32F7xx_HAL_Driver/Src/stm32f7xx_hal_gpio.o
 .debug_ranges  0x0000000000000328       0x70 Drivers/STM32F7xx_HAL_Driver/Src/stm32f7xx_hal_pwr_ex.o
 .debug_ranges  0x0000000000000398       0x78 Drivers/STM32F7xx_HAL_Driver/Src/stm32f7xx_hal_rcc.o
 .debug_ranges  0x0000000000000410      0x3a8 Drivers/STM32F7xx_HAL_Driver/Src/stm32f7xx_hal_tim.o
 .debug_ranges  0x00000000000007b8      0x158 Drivers/STM32F7xx_HAL_Driver/Src/stm32f7xx_hal_tim_ex.o
 .debug_ranges  0x0000000000000910       0x48 Src/FSM1.o
 .debug_ranges  0x0000000000000958       0x48 Src/FSM2.o
 .debug_ranges  0x00000000000009a0       0x48 Src/FSM3.o
 .debug_ranges  0x00000000000009e8       0x30 Src/adc.o
 .debug_ranges  0x0000000000000a18      0x130 Src/fsm_driver.o
 .debug_ranges  0x0000000000000b48       0x30 Src/fsm_fifo.o
 .debug_ranges  0x0000000000000b78       0x10 Src/gpio.o
 .debug_ranges  0x0000000000000b88       0x20 Src/main.o
 .debug_ranges  0x0000000000000ba8       0x10 Src/stm32f7xx_hal_msp.o
 .debug_ranges  0x0000000000000bb8       0x68 Src/stm32f7xx_it.o
 .debug_ranges  0x0000000000000c20       0x18 Src/system_stm32f7xx.o
 .debug_ranges  0x0000000000000c38       0x30 Src/tim.o
 .debug_ranges  0x0000000000000c68       0x38 Src/user_states.o
 .debug_ranges  0x0000000000000ca0       0x30 Src/user_timers.o
 .debug_ranges  0x0000000000000cd0       0x20 Startup/startup_stm32f767zitx.o

.debug_macro    0x0000000000000000    0x29903
 .debug_macro   0x0000000000000000      0x20c Drivers/STM32F7xx_HAL_Driver/Src/stm32f7xx_hal.o
 .debug_macro   0x000000000000020c      0xa66 Drivers/STM32F7xx_HAL_Driver/Src/stm32f7xx_hal.o
 .debug_macro   0x0000000000000c72      0x189 Drivers/STM32F7xx_HAL_Driver/Src/stm32f7xx_hal.o
 .debug_macro   0x0000000000000dfb       0x2e Drivers/STM32F7xx_HAL_Driver/Src/stm32f7xx_hal.o
 .debug_macro   0x0000000000000e29       0x3b Drivers/STM32F7xx_HAL_Driver/Src/stm32f7xx_hal.o
 .debug_macro   0x0000000000000e64       0x22 Drivers/STM32F7xx_HAL_Driver/Src/stm32f7xx_hal.o
 .debug_macro   0x0000000000000e86       0x8e Drivers/STM32F7xx_HAL_Driver/Src/stm32f7xx_hal.o
 .debug_macro   0x0000000000000f14       0x51 Drivers/STM32F7xx_HAL_Driver/Src/stm32f7xx_hal.o
 .debug_macro   0x0000000000000f65       0xef Drivers/STM32F7xx_HAL_Driver/Src/stm32f7xx_hal.o
 .debug_macro   0x0000000000001054       0x6a Drivers/STM32F7xx_HAL_Driver/Src/stm32f7xx_hal.o
 .debug_macro   0x00000000000010be      0x1df Drivers/STM32F7xx_HAL_Driver/Src/stm32f7xx_hal.o
 .debug_macro   0x000000000000129d       0x1c Drivers/STM32F7xx_HAL_Driver/Src/stm32f7xx_hal.o
 .debug_macro   0x00000000000012b9       0x22 Drivers/STM32F7xx_HAL_Driver/Src/stm32f7xx_hal.o
 .debug_macro   0x00000000000012db       0xdf Drivers/STM32F7xx_HAL_Driver/Src/stm32f7xx_hal.o
 .debug_macro   0x00000000000013ba     0x12cd Drivers/STM32F7xx_HAL_Driver/Src/stm32f7xx_hal.o
 .debug_macro   0x0000000000002687      0x11f Drivers/STM32F7xx_HAL_Driver/Src/stm32f7xx_hal.o
 .debug_macro   0x00000000000027a6       0x19 Drivers/STM32F7xx_HAL_Driver/Src/stm32f7xx_hal.o
 .debug_macro   0x00000000000027bf    0x1a029 Drivers/STM32F7xx_HAL_Driver/Src/stm32f7xx_hal.o
 .debug_macro   0x000000000001c7e8       0x43 Drivers/STM32F7xx_HAL_Driver/Src/stm32f7xx_hal.o
 .debug_macro   0x000000000001c82b     0x363d Drivers/STM32F7xx_HAL_Driver/Src/stm32f7xx_hal.o
 .debug_macro   0x000000000001fe68      0x174 Drivers/STM32F7xx_HAL_Driver/Src/stm32f7xx_hal.o
 .debug_macro   0x000000000001ffdc       0x61 Drivers/STM32F7xx_HAL_Driver/Src/stm32f7xx_hal.o
 .debug_macro   0x000000000002003d     0x1add Drivers/STM32F7xx_HAL_Driver/Src/stm32f7xx_hal.o
 .debug_macro   0x0000000000021b1a      0x6c4 Drivers/STM32F7xx_HAL_Driver/Src/stm32f7xx_hal.o
 .debug_macro   0x00000000000221de      0x109 Drivers/STM32F7xx_HAL_Driver/Src/stm32f7xx_hal.o
 .debug_macro   0x00000000000222e7      0x117 Drivers/STM32F7xx_HAL_Driver/Src/stm32f7xx_hal.o
 .debug_macro   0x00000000000223fe      0x26f Drivers/STM32F7xx_HAL_Driver/Src/stm32f7xx_hal.o
 .debug_macro   0x000000000002266d       0x27 Drivers/STM32F7xx_HAL_Driver/Src/stm32f7xx_hal.o
 .debug_macro   0x0000000000022694      0x24f Drivers/STM32F7xx_HAL_Driver/Src/stm32f7xx_hal.o
 .debug_macro   0x00000000000228e3       0x71 Drivers/STM32F7xx_HAL_Driver/Src/stm32f7xx_hal.o
 .debug_macro   0x0000000000022954       0x58 Drivers/STM32F7xx_HAL_Driver/Src/stm32f7xx_hal.o
 .debug_macro   0x00000000000229ac      0x236 Drivers/STM32F7xx_HAL_Driver/Src/stm32f7xx_hal.o
 .debug_macro   0x0000000000022be2      0x408 Drivers/STM32F7xx_HAL_Driver/Src/stm32f7xx_hal.o
 .debug_macro   0x0000000000022fea      0x161 Drivers/STM32F7xx_HAL_Driver/Src/stm32f7xx_hal.o
 .debug_macro   0x000000000002314b      0x100 Drivers/STM32F7xx_HAL_Driver/Src/stm32f7xx_hal.o
 .debug_macro   0x000000000002324b      0x14f Drivers/STM32F7xx_HAL_Driver/Src/stm32f7xx_hal.o
 .debug_macro   0x000000000002339a      0x3dc Drivers/STM32F7xx_HAL_Driver/Src/stm32f7xx_hal.o
 .debug_macro   0x0000000000023776       0x12 Drivers/STM32F7xx_HAL_Driver/Src/stm32f7xx_hal.o
 .debug_macro   0x0000000000023788      0x22c Drivers/STM32F7xx_HAL_Driver/Src/stm32f7xx_hal.o
 .debug_macro   0x00000000000239b4       0x61 Drivers/STM32F7xx_HAL_Driver/Src/stm32f7xx_hal.o
 .debug_macro   0x0000000000023a15       0xa5 Drivers/STM32F7xx_HAL_Driver/Src/stm32f7xx_hal.o
 .debug_macro   0x0000000000023aba      0x12f Drivers/STM32F7xx_HAL_Driver/Src/stm32f7xx_hal.o
 .debug_macro   0x0000000000023be9      0x108 Drivers/STM32F7xx_HAL_Driver/Src/stm32f7xx_hal.o
 .debug_macro   0x0000000000023cf1       0x35 Drivers/STM32F7xx_HAL_Driver/Src/stm32f7xx_hal.o
 .debug_macro   0x0000000000023d26      0x9f0 Drivers/STM32F7xx_HAL_Driver/Src/stm32f7xx_hal.o
 .debug_macro   0x0000000000024716       0xa9 Drivers/STM32F7xx_HAL_Driver/Src/stm32f7xx_hal.o
 .debug_macro   0x00000000000247bf      0x15c Drivers/STM32F7xx_HAL_Driver/Src/stm32f7xx_hal.o
 .debug_macro   0x000000000002491b      0x1e9 Drivers/STM32F7xx_HAL_Driver/Src/stm32f7xx_hal_adc.o
 .debug_macro   0x0000000000024b04      0x1e8 Drivers/STM32F7xx_HAL_Driver/Src/stm32f7xx_hal_cortex.o
 .debug_macro   0x0000000000024cec      0x21e Drivers/STM32F7xx_HAL_Driver/Src/stm32f7xx_hal_gpio.o
 .debug_macro   0x0000000000024f0a      0x200 Drivers/STM32F7xx_HAL_Driver/Src/stm32f7xx_hal_pwr_ex.o
 .debug_macro   0x000000000002510a      0x20c Drivers/STM32F7xx_HAL_Driver/Src/stm32f7xx_hal_rcc.o
 .debug_macro   0x0000000000025316      0x1e9 Drivers/STM32F7xx_HAL_Driver/Src/stm32f7xx_hal_tim.o
 .debug_macro   0x00000000000254ff      0x1e8 Drivers/STM32F7xx_HAL_Driver/Src/stm32f7xx_hal_tim_ex.o
 .debug_macro   0x00000000000256e7      0x261 Src/FSM1.o
 .debug_macro   0x0000000000025948      0xb38 Src/FSM1.o
 .debug_macro   0x0000000000026480      0x168 Src/FSM1.o
 .debug_macro   0x00000000000265e8       0x10 Src/FSM1.o
 .debug_macro   0x00000000000265f8      0x3f4 Src/FSM1.o
 .debug_macro   0x00000000000269ec       0x3b Src/FSM1.o
 .debug_macro   0x0000000000026a27       0x1c Src/FSM1.o
 .debug_macro   0x0000000000026a43     0x12cd Src/FSM1.o
 .debug_macro   0x0000000000027d10      0x17b Src/FSM1.o
 .debug_macro   0x0000000000027e8b       0x10 Src/FSM1.o
 .debug_macro   0x0000000000027e9b      0x261 Src/FSM2.o
 .debug_macro   0x00000000000280fc      0x261 Src/FSM3.o
 .debug_macro   0x000000000002835d      0x1fc Src/adc.o
 .debug_macro   0x0000000000028559      0x292 Src/fsm_driver.o
 .debug_macro   0x00000000000287eb       0x72 Src/fsm_fifo.o
 .debug_macro   0x000000000002885d      0x1fc Src/gpio.o
 .debug_macro   0x0000000000028a59      0x223 Src/main.o
 .debug_macro   0x0000000000028c7c      0x1f2 Src/stm32f7xx_hal_msp.o
 .debug_macro   0x0000000000028e6e      0x1fc Src/stm32f7xx_it.o
 .debug_macro   0x000000000002906a      0x1ee Src/system_stm32f7xx.o
 .debug_macro   0x0000000000029258      0x1fc Src/tim.o
 .debug_macro   0x0000000000029454      0x257 Src/user_states.o
 .debug_macro   0x00000000000296ab      0x258 Src/user_timers.o

.debug_line     0x0000000000000000     0xd39a
 .debug_line    0x0000000000000000      0x92e Drivers/STM32F7xx_HAL_Driver/Src/stm32f7xx_hal.o
 .debug_line    0x000000000000092e      0xb21 Drivers/STM32F7xx_HAL_Driver/Src/stm32f7xx_hal_adc.o
 .debug_line    0x000000000000144f      0xa0e Drivers/STM32F7xx_HAL_Driver/Src/stm32f7xx_hal_cortex.o
 .debug_line    0x0000000000001e5d      0x8f2 Drivers/STM32F7xx_HAL_Driver/Src/stm32f7xx_hal_gpio.o
 .debug_line    0x000000000000274f      0x82e Drivers/STM32F7xx_HAL_Driver/Src/stm32f7xx_hal_pwr_ex.o
 .debug_line    0x0000000000002f7d      0x980 Drivers/STM32F7xx_HAL_Driver/Src/stm32f7xx_hal_rcc.o
 .debug_line    0x00000000000038fd     0x1a12 Drivers/STM32F7xx_HAL_Driver/Src/stm32f7xx_hal_tim.o
 .debug_line    0x000000000000530f      0xdc1 Drivers/STM32F7xx_HAL_Driver/Src/stm32f7xx_hal_tim_ex.o
 .debug_line    0x00000000000060d0      0x9c1 Src/FSM1.o
 .debug_line    0x0000000000006a91      0x9c1 Src/FSM2.o
 .debug_line    0x0000000000007452      0x9c1 Src/FSM3.o
 .debug_line    0x0000000000007e13      0x7a3 Src/adc.o
 .debug_line    0x00000000000085b6      0xc04 Src/fsm_driver.o
 .debug_line    0x00000000000091ba      0x325 Src/fsm_fifo.o
 .debug_line    0x00000000000094df      0x6e6 Src/gpio.o
 .debug_line    0x0000000000009bc5      0x74b Src/main.o
 .debug_line    0x000000000000a310      0x6e0 Src/stm32f7xx_hal_msp.o
 .debug_line    0x000000000000a9f0      0x7ba Src/stm32f7xx_it.o
 .debug_line    0x000000000000b1aa      0x6ff Src/system_stm32f7xx.o
 .debug_line    0x000000000000b8a9      0x779 Src/tim.o
 .debug_line    0x000000000000c022      0x982 Src/user_states.o
 .debug_line    0x000000000000c9a4      0x975 Src/user_timers.o
 .debug_line    0x000000000000d319       0x81 Startup/startup_stm32f767zitx.o

.debug_str      0x0000000000000000    0xf4519
 .debug_str     0x0000000000000000    0xee1ae Drivers/STM32F7xx_HAL_Driver/Src/stm32f7xx_hal.o
                                      0xee993 (size before relaxing)
 .debug_str     0x00000000000ee1ae      0x5e3 Drivers/STM32F7xx_HAL_Driver/Src/stm32f7xx_hal_adc.o
                                      0xee4ba (size before relaxing)
 .debug_str     0x00000000000ee791      0x4a1 Drivers/STM32F7xx_HAL_Driver/Src/stm32f7xx_hal_cortex.o
                                      0xeea0c (size before relaxing)
 .debug_str     0x00000000000eec32      0x2a9 Drivers/STM32F7xx_HAL_Driver/Src/stm32f7xx_hal_gpio.o
                                      0xee1ed (size before relaxing)
 .debug_str     0x00000000000eeedb      0x1db Drivers/STM32F7xx_HAL_Driver/Src/stm32f7xx_hal_pwr_ex.o
                                      0xee291 (size before relaxing)
 .debug_str     0x00000000000ef0b6      0x366 Drivers/STM32F7xx_HAL_Driver/Src/stm32f7xx_hal_rcc.o
                                      0xee340 (size before relaxing)
 .debug_str     0x00000000000ef41c      0xef8 Drivers/STM32F7xx_HAL_Driver/Src/stm32f7xx_hal_tim.o
                                      0xef0a3 (size before relaxing)
 .debug_str     0x00000000000f0314      0x601 Drivers/STM32F7xx_HAL_Driver/Src/stm32f7xx_hal_tim_ex.o
                                      0xee9b6 (size before relaxing)
 .debug_str     0x00000000000f0915     0x2569 Src/FSM1.o
                                      0xf01aa (size before relaxing)
 .debug_str     0x00000000000f2e7e      0x3b1 Src/FSM2.o
                                      0xf01aa (size before relaxing)
 .debug_str     0x00000000000f322f      0x3b1 Src/FSM3.o
                                      0xf01aa (size before relaxing)
 .debug_str     0x00000000000f35e0       0x59 Src/adc.o
                                      0xee3c2 (size before relaxing)
 .debug_str     0x00000000000f3639      0x8d5 Src/fsm_driver.o
                                      0xf088f (size before relaxing)
 .debug_str     0x00000000000f3f0e      0x102 Src/fsm_fifo.o
                                       0x4caa (size before relaxing)
 .debug_str     0x00000000000f4010       0x25 Src/gpio.o
                                      0xedf5d (size before relaxing)
 .debug_str     0x00000000000f4035      0x1c4 Src/main.o
                                      0xeec6b (size before relaxing)
 .debug_str     0x00000000000f41f9       0x1b Src/stm32f7xx_hal_msp.o
                                      0xedec2 (size before relaxing)
 .debug_str     0x00000000000f4214       0xf1 Src/stm32f7xx_it.o
                                      0xee2df (size before relaxing)
 .debug_str     0x00000000000f4305       0x5a Src/system_stm32f7xx.o
                                      0xee012 (size before relaxing)
 .debug_str     0x00000000000f435f       0x43 Src/tim.o
                                      0xeeaa9 (size before relaxing)
 .debug_str     0x00000000000f43a2       0xc6 Src/user_states.o
                                      0xefd06 (size before relaxing)
 .debug_str     0x00000000000f4468       0x80 Src/user_timers.o
                                      0xf0213 (size before relaxing)
 .debug_str     0x00000000000f44e8       0x31 Startup/startup_stm32f767zitx.o
                                         0x6b (size before relaxing)

.comment        0x0000000000000000       0x7b
 .comment       0x0000000000000000       0x7b Drivers/STM32F7xx_HAL_Driver/Src/stm32f7xx_hal.o
                                         0x7c (size before relaxing)
 .comment       0x000000000000007b       0x7c Drivers/STM32F7xx_HAL_Driver/Src/stm32f7xx_hal_adc.o
 .comment       0x000000000000007b       0x7c Drivers/STM32F7xx_HAL_Driver/Src/stm32f7xx_hal_cortex.o
 .comment       0x000000000000007b       0x7c Drivers/STM32F7xx_HAL_Driver/Src/stm32f7xx_hal_gpio.o
 .comment       0x000000000000007b       0x7c Drivers/STM32F7xx_HAL_Driver/Src/stm32f7xx_hal_pwr_ex.o
 .comment       0x000000000000007b       0x7c Drivers/STM32F7xx_HAL_Driver/Src/stm32f7xx_hal_rcc.o
 .comment       0x000000000000007b       0x7c Drivers/STM32F7xx_HAL_Driver/Src/stm32f7xx_hal_tim.o
 .comment       0x000000000000007b       0x7c Drivers/STM32F7xx_HAL_Driver/Src/stm32f7xx_hal_tim_ex.o
 .comment       0x000000000000007b       0x7c Src/FSM1.o
 .comment       0x000000000000007b       0x7c Src/FSM2.o
 .comment       0x000000000000007b       0x7c Src/FSM3.o
 .comment       0x000000000000007b       0x7c Src/adc.o
 .comment       0x000000000000007b       0x7c Src/fsm_driver.o
 .comment       0x000000000000007b       0x7c Src/fsm_fifo.o
 .comment       0x000000000000007b       0x7c Src/gpio.o
 .comment       0x000000000000007b       0x7c Src/main.o
 .comment       0x000000000000007b       0x7c Src/stm32f7xx_hal_msp.o
 .comment       0x000000000000007b       0x7c Src/stm32f7xx_it.o
 .comment       0x000000000000007b       0x7c Src/system_stm32f7xx.o
 .comment       0x000000000000007b       0x7c Src/tim.o
 .comment       0x000000000000007b       0x7c Src/user_states.o
 .comment       0x000000000000007b       0x7c Src/user_timers.o

.debug_frame    0x0000000000000000     0x38c0
 .debug_frame   0x0000000000000000      0x3f4 Drivers/STM32F7xx_HAL_Driver/Src/stm32f7xx_hal.o
 .debug_frame   0x00000000000003f4      0x3fc Drivers/STM32F7xx_HAL_Driver/Src/stm32f7xx_hal_adc.o
 .debug_frame   0x00000000000007f0      0x498 Drivers/STM32F7xx_HAL_Driver/Src/stm32f7xx_hal_cortex.o
 .debug_frame   0x0000000000000c88      0x14c Drivers/STM32F7xx_HAL_Driver/Src/stm32f7xx_hal_gpio.o
 .debug_frame   0x0000000000000dd4      0x1c8 Drivers/STM32F7xx_HAL_Driver/Src/stm32f7xx_hal_pwr_ex.o
 .debug_frame   0x0000000000000f9c      0x1f4 Drivers/STM32F7xx_HAL_Driver/Src/stm32f7xx_hal_rcc.o
 .debug_frame   0x0000000000001190     0x1144 Drivers/STM32F7xx_HAL_Driver/Src/stm32f7xx_hal_tim.o
 .debug_frame   0x00000000000022d4      0x638 Drivers/STM32F7xx_HAL_Driver/Src/stm32f7xx_hal_tim_ex.o
 .debug_frame   0x000000000000290c      0x130 Src/FSM1.o
 .debug_frame   0x0000000000002a3c      0x130 Src/FSM2.o
 .debug_frame   0x0000000000002b6c      0x130 Src/FSM3.o
 .debug_frame   0x0000000000002c9c       0xc4 Src/adc.o
 .debug_frame   0x0000000000002d60      0x500 Src/fsm_driver.o
 .debug_frame   0x0000000000003260       0xc8 Src/fsm_fifo.o
 .debug_frame   0x0000000000003328       0x34 Src/gpio.o
 .debug_frame   0x000000000000335c       0x70 Src/main.o
 .debug_frame   0x00000000000033cc       0x38 Src/stm32f7xx_hal_msp.o
 .debug_frame   0x0000000000003404      0x160 Src/stm32f7xx_it.o
 .debug_frame   0x0000000000003564       0x58 Src/system_stm32f7xx.o
 .debug_frame   0x00000000000035bc       0xc4 Src/tim.o
 .debug_frame   0x0000000000003680       0xb8 Src/user_states.o
 .debug_frame   0x0000000000003738       0xdc Src/user_timers.o
 .debug_frame   0x0000000000003814       0x2c c:/st/stm32cubeide_1.0.2/stm32cubeide/plugins/com.st.stm32cube.ide.mcu.externaltools.gnu-tools-for-stm32.7-2018-q2-update.win32_1.0.0.201904181610/tools/bin/../lib/gcc/arm-none-eabi/7.3.1/../../../../arm-none-eabi/lib/thumb/v7e-m/fpv5/hard\libc_nano.a(lib_a-init.o)
 .debug_frame   0x0000000000003840       0x20 c:/st/stm32cubeide_1.0.2/stm32cubeide/plugins/com.st.stm32cube.ide.mcu.externaltools.gnu-tools-for-stm32.7-2018-q2-update.win32_1.0.0.201904181610/tools/bin/../lib/gcc/arm-none-eabi/7.3.1/../../../../arm-none-eabi/lib/thumb/v7e-m/fpv5/hard\libc_nano.a(lib_a-memset.o)
 .debug_frame   0x0000000000003860       0x2c c:/st/stm32cubeide_1.0.2/stm32cubeide/plugins/com.st.stm32cube.ide.mcu.externaltools.gnu-tools-for-stm32.7-2018-q2-update.win32_1.0.0.201904181610/tools/bin/../lib/gcc/arm-none-eabi/7.3.1/thumb/v7e-m/fpv5/hard\libgcc.a(_aeabi_uldivmod.o)
 .debug_frame   0x000000000000388c       0x34 c:/st/stm32cubeide_1.0.2/stm32cubeide/plugins/com.st.stm32cube.ide.mcu.externaltools.gnu-tools-for-stm32.7-2018-q2-update.win32_1.0.0.201904181610/tools/bin/../lib/gcc/arm-none-eabi/7.3.1/thumb/v7e-m/fpv5/hard\libgcc.a(_udivmoddi4.o)
